#
# There is insufficient memory for the Java Runtime Environment to continue.
# Native memory allocation (mmap) failed to map 67108864 bytes. Error detail: G1 virtual space
# Possible reasons:
#   The system is out of physical RAM or swap space
#   This process is running with CompressedOops enabled, and the Java Heap may be blocking the growth of the native heap
# Possible solutions:
#   Reduce memory load on the system
#   Increase physical memory or swap space
#   Check if swap backing store is full
#   Decrease Java heap size (-Xmx/-Xms)
#   Decrease number of Java threads
#   Decrease Java thread stack sizes (-Xss)
#   Set larger code cache with -XX:ReservedCodeCacheSize=
#   JVM is running with Unscaled Compressed Oops mode in which the Java heap is
#     placed in the first 4GB address space. The Java Heap base address is the
#     maximum limit for the native heap growth. Please use -XX:HeapBaseMinAddress
#     to set the Java Heap base and to place the Java Heap above 4GB virtual address.
# This output file may be truncated or incomplete.
#
#  Out of Memory Error (os_windows.cpp:3631), pid=14028, tid=2652
#
# JRE version:  (22.0.1+8) (build )
# Java VM: Java HotSpot(TM) 64-Bit Server VM (22.0.1+8-16, mixed mode, sharing, tiered, compressed oops, compressed class ptrs, g1 gc, windows-amd64)
# No core dump will be written. Minidumps are not enabled by default on client versions of Windows
#

---------------  S U M M A R Y ------------

Command Line: -Dfile.encoding=UTF-8 --module-path=C:\Users\user\OneDrive\Desktop\NetBeansProjects\HotelManagementSystem\build\classes hotelmanagementsystem.Login

Host: Intel(R) Core(TM) i5-3210M CPU @ 2.50GHz, 4 cores, 3G,  Windows 10 , 64 bit Build 19041 (10.0.19041.5072)
Time: Mon Dec  9 22:33:28 2024 Nepal Standard Time elapsed time: 0.028442 seconds (0d 0h 0m 0s)

---------------  T H R E A D  ---------------

Current thread (0x000001ec432073a0):  JavaThread "Unknown thread" [_thread_in_vm, id=2652, stack(0x000000b14f100000,0x000000b14f200000) (1024K)]

Stack: [0x000000b14f100000,0x000000b14f200000]
Native frames: (J=compiled Java code, j=interpreted, Vv=VM code, C=native code)
V  [jvm.dll+0x6e2279]  (no source info available)
V  [jvm.dll+0x874e33]  (no source info available)
V  [jvm.dll+0x87725e]  (no source info available)
V  [jvm.dll+0x877933]  (no source info available)
V  [jvm.dll+0x27fd76]  (no source info available)
V  [jvm.dll+0x6de915]  (no source info available)
V  [jvm.dll+0x6d341a]  (no source info available)
V  [jvm.dll+0x3589da]  (no source info available)
V  [jvm.dll+0x360f06]  (no source info available)
V  [jvm.dll+0x3b3e2e]  (no source info available)
V  [jvm.dll+0x3b40d8]  (no source info available)
V  [jvm.dll+0x32c59c]  (no source info available)
V  [jvm.dll+0x32d158]  (no source info available)
V  [jvm.dll+0x83ccdc]  (no source info available)
V  [jvm.dll+0x3c0d71]  (no source info available)
V  [jvm.dll+0x825ccc]  (no source info available)
V  [jvm.dll+0x45b8fe]  (no source info available)
V  [jvm.dll+0x45d781]  (no source info available)
C  [jli.dll+0x52a3]  (no source info available)
C  [ucrtbase.dll+0x21bb2]  (no source info available)
C  [KERNEL32.DLL+0x17374]  (no source info available)
C  [ntdll.dll+0x4cc91]  (no source info available)


---------------  P R O C E S S  ---------------

Threads class SMR info:
_java_thread_list=0x00007ffb2855b1c8, length=0, elements={
}

Java Threads: ( => current thread )
Total: 0

Other Threads:
  0x000001ec45302a60 WorkerThread "GC Thread#0"                     [id=19960, stack(0x000000b14f200000,0x000000b14f300000) (1024K)]
  0x000001ec4530c3e0 ConcurrentGCThread "G1 Main Marker"            [id=17588, stack(0x000000b14f300000,0x000000b14f400000) (1024K)]
  0x000001ec4530d5a0 WorkerThread "G1 Conc#0"                       [id=4032, stack(0x000000b14f400000,0x000000b14f500000) (1024K)]

[error occurred during error reporting (printing all threads), id 0xc0000005, EXCEPTION_ACCESS_VIOLATION (0xc0000005) at pc=0x00007ffb27caf367]
VM state: not at safepoint (not fully initialized)

VM Mutex/Monitor currently owned by a thread:  ([mutex/lock_event])
[0x00007ffb285dbcb8] Heap_lock - owner thread: 0x000001ec432073a0

Heap address: 0x00000000c1a00000, size: 998 MB, Compressed Oops mode: 32-bit

CDS archive(s) mapped at: [0x0000000000000000-0x0000000000000000-0x0000000000000000), size 0, SharedBaseAddress: 0x0000000800000000, ArchiveRelocationMode: 1.
Narrow klass base: 0x0000000000000000, Narrow klass shift: 0, Narrow klass range: 0x0

GC Precious Log:
 CardTable entry size: 512
 Card Set container configuration: InlinePtr #cards 5 size 8 Array Of Cards #cards 12 size 40 Howl #buckets 4 coarsen threshold 1843 Howl Bitmap #cards 512 size 80 coarsen threshold 460 Card regions per heap region 1 cards per card region 2048

Heap:
 garbage-first heap   total reserved 1021952K, committed 0K, used 0K [0x00000000c1a00000, 0x0000000100000000)
  region size 1024K, 0 young (0K), 0 survivors (0K)

[error occurred during error reporting (printing heap information), id 0xc0000005, EXCEPTION_ACCESS_VIOLATION (0xc0000005) at pc=0x00007ffb280ae429]
GC Heap History (0 events):
No events

Dll operation events (1 events):
Event: 0.018 Loaded shared library C:\Program Files\Java\jdk-22\bin\java.dll

Deoptimization events (0 events):
No events

Classes loaded (0 events):
No events

Classes unloaded (0 events):
No events

Classes redefined (0 events):
No events

Internal exceptions (0 events):
No events

ZGC Phase Switch (0 events):
No events

VM Operations (0 events):
No events

Events (0 events):
No events


Dynamic libraries:
0x00007ff607500000 - 0x00007ff607510000 	C:\Program Files\Java\jdk-22\bin\java.exe
0x00007ffb7b570000 - 0x00007ffb7b768000 	C:\WINDOWS\SYSTEM32\ntdll.dll
0x00007ffb7b460000 - 0x00007ffb7b522000 	C:\WINDOWS\System32\KERNEL32.DLL
0x00007ffb79210000 - 0x00007ffb7950e000 	C:\WINDOWS\System32\KERNELBASE.dll
0x00007ffb79060000 - 0x00007ffb79160000 	C:\WINDOWS\System32\ucrtbase.dll
0x00007ffb2ab20000 - 0x00007ffb2ab3b000 	C:\Program Files\Java\jdk-22\bin\VCRUNTIME140.dll
0x00007ffb549d0000 - 0x00007ffb549e7000 	C:\Program Files\Java\jdk-22\bin\jli.dll
0x00007ffb79870000 - 0x00007ffb79921000 	C:\WINDOWS\System32\ADVAPI32.dll
0x00007ffb7b1c0000 - 0x00007ffb7b25e000 	C:\WINDOWS\System32\msvcrt.dll
0x00007ffb79c90000 - 0x00007ffb79d2f000 	C:\WINDOWS\System32\sechost.dll
0x00007ffb7a620000 - 0x00007ffb7a743000 	C:\WINDOWS\System32\RPCRT4.dll
0x00007ffb79030000 - 0x00007ffb79057000 	C:\WINDOWS\System32\bcrypt.dll
0x00007ffb7b2c0000 - 0x00007ffb7b45d000 	C:\WINDOWS\System32\USER32.dll
0x00007ffb684f0000 - 0x00007ffb6878a000 	C:\WINDOWS\WinSxS\amd64_microsoft.windows.common-controls_6595b64144ccf1df_6.0.19041.4355_none_60b8b9eb71f62e16\COMCTL32.dll
0x00007ffb79560000 - 0x00007ffb79582000 	C:\WINDOWS\System32\win32u.dll
0x00007ffb7abc0000 - 0x00007ffb7abeb000 	C:\WINDOWS\System32\GDI32.dll
0x00007ffb78c10000 - 0x00007ffb78d27000 	C:\WINDOWS\System32\gdi32full.dll
0x00007ffb78da0000 - 0x00007ffb78e3d000 	C:\WINDOWS\System32\msvcp_win.dll
0x00007ffb684e0000 - 0x00007ffb684ea000 	C:\WINDOWS\SYSTEM32\VERSION.dll
0x00007ffb7b190000 - 0x00007ffb7b1bf000 	C:\WINDOWS\System32\IMM32.DLL
0x00007ffb2bc00000 - 0x00007ffb2bc0c000 	C:\Program Files\Java\jdk-22\bin\vcruntime140_1.dll
0x00007ffb2a8d0000 - 0x00007ffb2a95e000 	C:\Program Files\Java\jdk-22\bin\msvcp140.dll
0x00007ffb27970000 - 0x00007ffb286b7000 	C:\Program Files\Java\jdk-22\bin\server\jvm.dll
0x00007ffb7b090000 - 0x00007ffb7b0fb000 	C:\WINDOWS\System32\WS2_32.dll
0x00007ffb78a70000 - 0x00007ffb78abb000 	C:\WINDOWS\SYSTEM32\POWRPROF.dll
0x00007ffb67250000 - 0x00007ffb67277000 	C:\WINDOWS\SYSTEM32\WINMM.dll
0x00007ffb78a50000 - 0x00007ffb78a62000 	C:\WINDOWS\SYSTEM32\UMPDC.dll
0x00007ffb769b0000 - 0x00007ffb769c2000 	C:\WINDOWS\SYSTEM32\kernel.appcore.dll
0x00007ffb2aab0000 - 0x00007ffb2aaba000 	C:\Program Files\Java\jdk-22\bin\jimage.dll
0x00007ffb67750000 - 0x00007ffb67934000 	C:\WINDOWS\SYSTEM32\DBGHELP.DLL
0x00007ffb66fd0000 - 0x00007ffb67004000 	C:\WINDOWS\SYSTEM32\dbgcore.DLL
0x00007ffb78fa0000 - 0x00007ffb79022000 	C:\WINDOWS\System32\bcryptPrimitives.dll
0x00007ffb2aac0000 - 0x00007ffb2aade000 	C:\Program Files\Java\jdk-22\bin\java.dll
0x00007ffb79e10000 - 0x00007ffb7a57d000 	C:\WINDOWS\System32\SHELL32.dll
0x00007ffb7af50000 - 0x00007ffb7b07b000 	C:\WINDOWS\System32\ole32.dll
0x00007ffb7abf0000 - 0x00007ffb7af43000 	C:\WINDOWS\System32\combase.dll

dbghelp: loaded successfully - version: 4.0.5 - missing functions: none
symbol engine: initialized successfully - sym options: 0x614 - pdb path: .;C:\Program Files\Java\jdk-22\bin;C:\WINDOWS\SYSTEM32;C:\WINDOWS\WinSxS\amd64_microsoft.windows.common-controls_6595b64144ccf1df_6.0.19041.4355_none_60b8b9eb71f62e16;C:\Program Files\Java\jdk-22\bin\server

VM Arguments:
jvm_args: -Dfile.encoding=UTF-8 --module-path=C:\Users\user\OneDrive\Desktop\NetBeansProjects\HotelManagementSystem\build\classes 
java_command: hotelmanagementsystem.Login
java_class_path (initial): C:\Users\user\Downloads\mysql-connector-java-8.0.28 (1).jar;C:\Users\user\OneDrive\Desktop\NetBeansProjects\HotelManagementSystem\build\classes
Launcher Type: SUN_STANDARD

[Global flags]
     intx CICompilerCount                          = 3                                         {product} {ergonomic}
     uint ConcGCThreads                            = 1                                         {product} {ergonomic}
     uint G1ConcRefinementThreads                  = 4                                         {product} {ergonomic}
   size_t G1HeapRegionSize                         = 1048576                                   {product} {ergonomic}
   size_t InitialHeapSize                          = 67108864                                  {product} {ergonomic}
   size_t MarkStackSize                            = 4194304                                   {product} {ergonomic}
   size_t MaxHeapSize                              = 1046478848                                {product} {ergonomic}
   size_t MinHeapDeltaBytes                        = 1048576                                   {product} {ergonomic}
   size_t MinHeapSize                              = 8388608                                   {product} {ergonomic}
    uintx NonNMethodCodeHeapSize                   = 5832780                                {pd product} {ergonomic}
    uintx NonProfiledCodeHeapSize                  = 122912730                              {pd product} {ergonomic}
    uintx ProfiledCodeHeapSize                     = 122912730                              {pd product} {ergonomic}
    uintx ReservedCodeCacheSize                    = 251658240                              {pd product} {ergonomic}
     bool SegmentedCodeCache                       = true                                      {product} {ergonomic}
   size_t SoftMaxHeapSize                          = 1046478848                             {manageable} {ergonomic}
     bool UseCompressedOops                        = true                           {product lp64_product} {ergonomic}
     bool UseG1GC                                  = true                                      {product} {ergonomic}
     bool UseLargePagesIndividualAllocation        = false                                  {pd product} {ergonomic}

Logging:
Log output configuration:
 #0: stdout all=warning uptime,level,tags foldmultilines=false
 #1: stderr all=off uptime,level,tags foldmultilines=false

Environment Variables:
PATH=C:\Program Files\Common Files\Oracle\Java\javapath;C:\WINDOWS\system32;C:\WINDOWS;C:\WINDOWS\System32\Wbem;C:\WINDOWS\System32\WindowsPowerShell\v1.0\;C:\WINDOWS\System32\OpenSSH\;C:\Program Files\nodejs\;C:\Program Files\Git\cmd;C:\Program Files\Java\jdk-22\bin;C:\Program Files\MySQL\MySQL Shell 8.0\bin\;C:\Users\user\AppData\Local\Microsoft\WindowsApps;C:\Users\user\AppData\Local\Programs\Microsoft VS Code\bin;C:\Users\user\AppData\Local\GitHubDesktop\bin;C:\Users\user\AppData\Roaming\npm
USERNAME=user
OS=Windows_NT
PROCESSOR_IDENTIFIER=Intel64 Family 6 Model 58 Stepping 9, GenuineIntel
TMP=C:\Users\user\AppData\Local\Temp
TEMP=C:\Users\user\AppData\Local\Temp




Periodic native trim disabled

---------------  S Y S T E M  ---------------

OS:
 Windows 10 , 64 bit Build 19041 (10.0.19041.5072)
OS uptime: 14 days 9:18 hours

CPU: total 4 (initial active 4) (2 cores per cpu, 2 threads per core) family 6 model 58 stepping 9 microcode 0x21, cx8, cmov, fxsr, ht, mmx, sse, sse2, sse3, ssse3, sse4.1, sse4.2, popcnt, tsc, tscinvbit, avx, aes, erms, clmul, vzeroupper, clflush, rdtscp, f16c
Processor Information for all 4 processors :
  Max Mhz: 2501, Current Mhz: 2500, Mhz Limit: 2475

Memory: 4k page, system-wide physical 3987M (364M free)
TotalPageFile size 16275M (AvailPageFile size 12M)
current process WorkingSet (physical memory assigned to process): 11M, peak: 11M
current process commit charge ("private bytes"): 52M, peak: 115M

vm_info: Java HotSpot(TM) 64-Bit Server VM (22.0.1+8-16) for windows-amd64 JRE (22.0.1+8-16), built on 2024-03-12T10:33:16Z by "mach5one" with MS VC++ 17.6 (VS2022)

END.
