#
# There is insufficient memory for the Java Runtime Environment to continue.
# Native memory allocation (malloc) failed to allocate 32744 bytes. Error detail: Chunk::new
# Possible reasons:
#   The system is out of physical RAM or swap space
#   This process is running with CompressedOops enabled, and the Java Heap may be blocking the growth of the native heap
# Possible solutions:
#   Reduce memory load on the system
#   Increase physical memory or swap space
#   Check if swap backing store is full
#   Decrease Java heap size (-Xmx/-Xms)
#   Decrease number of Java threads
#   Decrease Java thread stack sizes (-Xss)
#   Set larger code cache with -XX:ReservedCodeCacheSize=
#   JVM is running with Unscaled Compressed Oops mode in which the Java heap is
#     placed in the first 4GB address space. The Java Heap base address is the
#     maximum limit for the native heap growth. Please use -XX:HeapBaseMinAddress
#     to set the Java Heap base and to place the Java Heap above 4GB virtual address.
# This output file may be truncated or incomplete.
#
#  Out of Memory Error (arena.cpp:150), pid=9176, tid=18244
#
# JRE version: Java(TM) SE Runtime Environment (22.0.1+8) (build 22.0.1+8-16)
# Java VM: Java HotSpot(TM) 64-Bit Server VM (22.0.1+8-16, mixed mode, tiered, compressed oops, compressed class ptrs, g1 gc, windows-amd64)
# No core dump will be written. Minidumps are not enabled by default on client versions of Windows
#

---------------  S U M M A R Y ------------

Command Line: -Dfile.encoding=UTF-8 --module-path=C:\Users\user\OneDrive\Desktop\NetBeansProjects\HotelManagementSystem\build\classes hotelmanagementsystem.Reception

Host: Intel(R) Core(TM) i5-3210M CPU @ 2.50GHz, 4 cores, 3G,  Windows 10 , 64 bit Build 19041 (10.0.19041.5198)
Time: Sun Dec 15 13:01:12 2024 Nepal Standard Time elapsed time: 0.516900 seconds (0d 0h 0m 0s)

---------------  T H R E A D  ---------------

Current thread (0x00000283001f7d50):  JavaThread "C1 CompilerThread0" daemon [_thread_in_native, id=18244, stack(0x000000a591e00000,0x000000a591f00000) (1024K)]


Current CompileTask:
C1:517  168       3       java.util.HashMap::putIfAbsent (13 bytes)

Stack: [0x000000a591e00000,0x000000a591f00000]
Native frames: (J=compiled Java code, j=interpreted, Vv=VM code, C=native code)
V  [jvm.dll+0x6e2279]  (no source info available)
V  [jvm.dll+0x874e33]  (no source info available)
V  [jvm.dll+0x87725e]  (no source info available)
V  [jvm.dll+0x877933]  (no source info available)
V  [jvm.dll+0x27fd76]  (no source info available)
V  [jvm.dll+0xc3d0f]  (no source info available)
V  [jvm.dll+0xc3f6b]  (no source info available)
V  [jvm.dll+0x196b52]  (no source info available)
V  [jvm.dll+0x198714]  (no source info available)
V  [jvm.dll+0x153e45]  (no source info available)
V  [jvm.dll+0x1535c3]  (no source info available)
V  [jvm.dll+0x1538a0]  (no source info available)
V  [jvm.dll+0x152c1d]  (no source info available)
V  [jvm.dll+0x154add]  (no source info available)
V  [jvm.dll+0x2569fe]  (no source info available)
V  [jvm.dll+0x254cba]  (no source info available)
V  [jvm.dll+0x3f5336]  (no source info available)
V  [jvm.dll+0x81d44b]  (no source info available)
V  [jvm.dll+0x6e0915]  (no source info available)
C  [ucrtbase.dll+0x21bb2]  (no source info available)
C  [KERNEL32.DLL+0x17374]  (no source info available)
C  [ntdll.dll+0x4cc91]  (no source info available)


---------------  P R O C E S S  ---------------

Threads class SMR info:
_java_thread_list=0x0000028300531bd0, length=11, elements={
0x00000283528a9f40, 0x0000028300318070, 0x00000283001eaa40, 0x00000283001ed0d0,
0x00000283001edb30, 0x00000283001ee590, 0x00000283001eeff0, 0x00000283001efd80,
0x00000283001f7d50, 0x00000283004631a0, 0x0000028300541d80
}

Java Threads: ( => current thread )
  0x00000283528a9f40 JavaThread "main"                              [_thread_in_vm, id=17424, stack(0x000000a590f00000,0x000000a591000000) (1024K)]
  0x0000028300318070 JavaThread "Reference Handler"          daemon [_thread_blocked, id=17444, stack(0x000000a591700000,0x000000a591800000) (1024K)]
  0x00000283001eaa40 JavaThread "Finalizer"                  daemon [_thread_blocked, id=16788, stack(0x000000a591800000,0x000000a591900000) (1024K)]
  0x00000283001ed0d0 JavaThread "Signal Dispatcher"          daemon [_thread_blocked, id=17512, stack(0x000000a591900000,0x000000a591a00000) (1024K)]
  0x00000283001edb30 JavaThread "Attach Listener"            daemon [_thread_blocked, id=17464, stack(0x000000a591a00000,0x000000a591b00000) (1024K)]
  0x00000283001ee590 JavaThread "Service Thread"             daemon [_thread_blocked, id=3020, stack(0x000000a591b00000,0x000000a591c00000) (1024K)]
  0x00000283001eeff0 JavaThread "Monitor Deflation Thread"   daemon [_thread_blocked, id=17448, stack(0x000000a591c00000,0x000000a591d00000) (1024K)]
  0x00000283001efd80 JavaThread "C2 CompilerThread0"         daemon [_thread_in_native, id=3248, stack(0x000000a591d00000,0x000000a591e00000) (1024K)]
=>0x00000283001f7d50 JavaThread "C1 CompilerThread0"         daemon [_thread_in_native, id=18244, stack(0x000000a591e00000,0x000000a591f00000) (1024K)]
  0x00000283004631a0 JavaThread "Common-Cleaner"             daemon [_thread_blocked, id=18212, stack(0x000000a591f00000,0x000000a592000000) (1024K)]
  0x0000028300541d80 JavaThread "Notification Thread"        daemon [_thread_blocked, id=18176, stack(0x000000a592000000,0x000000a592100000) (1024K)]
Total: 11

Other Threads:
  0x0000028300178f80 VMThread "VM Thread"                           [id=10384, stack(0x000000a591600000,0x000000a591700000) (1024K)]
  0x000002830011aa00 WatcherThread "VM Periodic Task Thread"        [id=16100, stack(0x000000a591500000,0x000000a591600000) (1024K)]
  0x0000028354ab4db0 WorkerThread "GC Thread#0"                     [id=17428, stack(0x000000a591000000,0x000000a591100000) (1024K)]
  0x0000028354abdb20 ConcurrentGCThread "G1 Main Marker"            [id=17432, stack(0x000000a591100000,0x000000a591200000) (1024K)]
  0x0000028354abece0 WorkerThread "G1 Conc#0"                       [id=17436, stack(0x000000a591200000,0x000000a591300000) (1024K)]
  0x0000028354b18210 ConcurrentGCThread "G1 Refine#0"               [id=17440, stack(0x000000a591300000,0x000000a591400000) (1024K)]
  0x0000028354b18ca0 ConcurrentGCThread "G1 Service"                [id=8248, stack(0x000000a591400000,0x000000a591500000) (1024K)]
Total: 7

Threads with active compile tasks:
C2 CompilerThread0  680  162       4       java.lang.String::hashCode (60 bytes)
C1 CompilerThread0  680  168       3       java.util.HashMap::putIfAbsent (13 bytes)
Total: 2

VM state: not at safepoint (normal execution)

VM Mutex/Monitor currently owned by a thread:  ([mutex/lock_event])
[0x00007ff9ed35a1b8] SymbolArena_lock - owner thread: 0x00000283528a9f40

Heap address: 0x00000000c1a00000, size: 998 MB, Compressed Oops mode: 32-bit

CDS archive(s) not mapped
Compressed class space mapped at: 0x0000000080000000-0x00000000c0000000, reserved size: 1073741824
Narrow klass base: 0x0000000000000000, Narrow klass shift: 0, Narrow klass range: 0xc0000000

GC Precious Log:
 CardTable entry size: 512
 Card Set container configuration: InlinePtr #cards 5 size 8 Array Of Cards #cards 12 size 40 Howl #buckets 4 coarsen threshold 1843 Howl Bitmap #cards 512 size 80 coarsen threshold 460 Card regions per heap region 1 cards per card region 2048
 CPUs: 4 total, 4 available
 Memory: 3987M
 Large Page Support: Disabled
 NUMA Support: Disabled
 Compressed Oops: Enabled (32-bit)
 Heap Region Size: 1M
 Heap Min Capacity: 8M
 Heap Initial Capacity: 64M
 Heap Max Capacity: 998M
 Pre-touch: Disabled
 Parallel Workers: 4
 Concurrent Workers: 1
 Concurrent Refinement Workers: 4
 Periodic GC: Disabled

Heap:
 garbage-first heap   total reserved 1021952K, committed 65536K, used 2048K [0x00000000c1a00000, 0x0000000100000000)
  region size 1024K, 3 young (3072K), 0 survivors (0K)
 Metaspace       used 6833K, committed 6912K, reserved 1114112K
  class space    used 581K, committed 640K, reserved 1048576K

Heap Regions: E=young(eden), S=young(survivor), O=old, HS=humongous(starts), HC=humongous(continues), CS=collection set, F=free, TAMS=top-at-mark-start, PB=parsable bottom
|   0|0x00000000c1a00000, 0x00000000c1a00000, 0x00000000c1b00000|  0%| F|  |TAMS 0x00000000c1a00000| PB 0x00000000c1a00000| Untracked |  0
|   1|0x00000000c1b00000, 0x00000000c1b00000, 0x00000000c1c00000|  0%| F|  |TAMS 0x00000000c1b00000| PB 0x00000000c1b00000| Untracked |  0
|   2|0x00000000c1c00000, 0x00000000c1c00000, 0x00000000c1d00000|  0%| F|  |TAMS 0x00000000c1c00000| PB 0x00000000c1c00000| Untracked |  0
|   3|0x00000000c1d00000, 0x00000000c1d00000, 0x00000000c1e00000|  0%| F|  |TAMS 0x00000000c1d00000| PB 0x00000000c1d00000| Untracked |  0
|   4|0x00000000c1e00000, 0x00000000c1e00000, 0x00000000c1f00000|  0%| F|  |TAMS 0x00000000c1e00000| PB 0x00000000c1e00000| Untracked |  0
|   5|0x00000000c1f00000, 0x00000000c1f00000, 0x00000000c2000000|  0%| F|  |TAMS 0x00000000c1f00000| PB 0x00000000c1f00000| Untracked |  0
|   6|0x00000000c2000000, 0x00000000c2000000, 0x00000000c2100000|  0%| F|  |TAMS 0x00000000c2000000| PB 0x00000000c2000000| Untracked |  0
|   7|0x00000000c2100000, 0x00000000c2100000, 0x00000000c2200000|  0%| F|  |TAMS 0x00000000c2100000| PB 0x00000000c2100000| Untracked |  0
|   8|0x00000000c2200000, 0x00000000c2200000, 0x00000000c2300000|  0%| F|  |TAMS 0x00000000c2200000| PB 0x00000000c2200000| Untracked |  0
|   9|0x00000000c2300000, 0x00000000c2300000, 0x00000000c2400000|  0%| F|  |TAMS 0x00000000c2300000| PB 0x00000000c2300000| Untracked |  0
|  10|0x00000000c2400000, 0x00000000c2400000, 0x00000000c2500000|  0%| F|  |TAMS 0x00000000c2400000| PB 0x00000000c2400000| Untracked |  0
|  11|0x00000000c2500000, 0x00000000c2500000, 0x00000000c2600000|  0%| F|  |TAMS 0x00000000c2500000| PB 0x00000000c2500000| Untracked |  0
|  12|0x00000000c2600000, 0x00000000c2600000, 0x00000000c2700000|  0%| F|  |TAMS 0x00000000c2600000| PB 0x00000000c2600000| Untracked |  0
|  13|0x00000000c2700000, 0x00000000c2700000, 0x00000000c2800000|  0%| F|  |TAMS 0x00000000c2700000| PB 0x00000000c2700000| Untracked |  0
|  14|0x00000000c2800000, 0x00000000c2800000, 0x00000000c2900000|  0%| F|  |TAMS 0x00000000c2800000| PB 0x00000000c2800000| Untracked |  0
|  15|0x00000000c2900000, 0x00000000c2900000, 0x00000000c2a00000|  0%| F|  |TAMS 0x00000000c2900000| PB 0x00000000c2900000| Untracked |  0
|  16|0x00000000c2a00000, 0x00000000c2a00000, 0x00000000c2b00000|  0%| F|  |TAMS 0x00000000c2a00000| PB 0x00000000c2a00000| Untracked |  0
|  17|0x00000000c2b00000, 0x00000000c2b00000, 0x00000000c2c00000|  0%| F|  |TAMS 0x00000000c2b00000| PB 0x00000000c2b00000| Untracked |  0
|  18|0x00000000c2c00000, 0x00000000c2c00000, 0x00000000c2d00000|  0%| F|  |TAMS 0x00000000c2c00000| PB 0x00000000c2c00000| Untracked |  0
|  19|0x00000000c2d00000, 0x00000000c2d00000, 0x00000000c2e00000|  0%| F|  |TAMS 0x00000000c2d00000| PB 0x00000000c2d00000| Untracked |  0
|  20|0x00000000c2e00000, 0x00000000c2e00000, 0x00000000c2f00000|  0%| F|  |TAMS 0x00000000c2e00000| PB 0x00000000c2e00000| Untracked |  0
|  21|0x00000000c2f00000, 0x00000000c2f00000, 0x00000000c3000000|  0%| F|  |TAMS 0x00000000c2f00000| PB 0x00000000c2f00000| Untracked |  0
|  22|0x00000000c3000000, 0x00000000c3000000, 0x00000000c3100000|  0%| F|  |TAMS 0x00000000c3000000| PB 0x00000000c3000000| Untracked |  0
|  23|0x00000000c3100000, 0x00000000c3100000, 0x00000000c3200000|  0%| F|  |TAMS 0x00000000c3100000| PB 0x00000000c3100000| Untracked |  0
|  24|0x00000000c3200000, 0x00000000c3200000, 0x00000000c3300000|  0%| F|  |TAMS 0x00000000c3200000| PB 0x00000000c3200000| Untracked |  0
|  25|0x00000000c3300000, 0x00000000c3300000, 0x00000000c3400000|  0%| F|  |TAMS 0x00000000c3300000| PB 0x00000000c3300000| Untracked |  0
|  26|0x00000000c3400000, 0x00000000c3400000, 0x00000000c3500000|  0%| F|  |TAMS 0x00000000c3400000| PB 0x00000000c3400000| Untracked |  0
|  27|0x00000000c3500000, 0x00000000c3500000, 0x00000000c3600000|  0%| F|  |TAMS 0x00000000c3500000| PB 0x00000000c3500000| Untracked |  0
|  28|0x00000000c3600000, 0x00000000c3600000, 0x00000000c3700000|  0%| F|  |TAMS 0x00000000c3600000| PB 0x00000000c3600000| Untracked |  0
|  29|0x00000000c3700000, 0x00000000c3700000, 0x00000000c3800000|  0%| F|  |TAMS 0x00000000c3700000| PB 0x00000000c3700000| Untracked |  0
|  30|0x00000000c3800000, 0x00000000c3800000, 0x00000000c3900000|  0%| F|  |TAMS 0x00000000c3800000| PB 0x00000000c3800000| Untracked |  0
|  31|0x00000000c3900000, 0x00000000c3900000, 0x00000000c3a00000|  0%| F|  |TAMS 0x00000000c3900000| PB 0x00000000c3900000| Untracked |  0
|  32|0x00000000c3a00000, 0x00000000c3a00000, 0x00000000c3b00000|  0%| F|  |TAMS 0x00000000c3a00000| PB 0x00000000c3a00000| Untracked |  0
|  33|0x00000000c3b00000, 0x00000000c3b00000, 0x00000000c3c00000|  0%| F|  |TAMS 0x00000000c3b00000| PB 0x00000000c3b00000| Untracked |  0
|  34|0x00000000c3c00000, 0x00000000c3c00000, 0x00000000c3d00000|  0%| F|  |TAMS 0x00000000c3c00000| PB 0x00000000c3c00000| Untracked |  0
|  35|0x00000000c3d00000, 0x00000000c3d00000, 0x00000000c3e00000|  0%| F|  |TAMS 0x00000000c3d00000| PB 0x00000000c3d00000| Untracked |  0
|  36|0x00000000c3e00000, 0x00000000c3e00000, 0x00000000c3f00000|  0%| F|  |TAMS 0x00000000c3e00000| PB 0x00000000c3e00000| Untracked |  0
|  37|0x00000000c3f00000, 0x00000000c3f00000, 0x00000000c4000000|  0%| F|  |TAMS 0x00000000c3f00000| PB 0x00000000c3f00000| Untracked |  0
|  38|0x00000000c4000000, 0x00000000c4000000, 0x00000000c4100000|  0%| F|  |TAMS 0x00000000c4000000| PB 0x00000000c4000000| Untracked |  0
|  39|0x00000000c4100000, 0x00000000c4100000, 0x00000000c4200000|  0%| F|  |TAMS 0x00000000c4100000| PB 0x00000000c4100000| Untracked |  0
|  40|0x00000000c4200000, 0x00000000c4200000, 0x00000000c4300000|  0%| F|  |TAMS 0x00000000c4200000| PB 0x00000000c4200000| Untracked |  0
|  41|0x00000000c4300000, 0x00000000c4300000, 0x00000000c4400000|  0%| F|  |TAMS 0x00000000c4300000| PB 0x00000000c4300000| Untracked |  0
|  42|0x00000000c4400000, 0x00000000c4400000, 0x00000000c4500000|  0%| F|  |TAMS 0x00000000c4400000| PB 0x00000000c4400000| Untracked |  0
|  43|0x00000000c4500000, 0x00000000c4500000, 0x00000000c4600000|  0%| F|  |TAMS 0x00000000c4500000| PB 0x00000000c4500000| Untracked |  0
|  44|0x00000000c4600000, 0x00000000c4600000, 0x00000000c4700000|  0%| F|  |TAMS 0x00000000c4600000| PB 0x00000000c4600000| Untracked |  0
|  45|0x00000000c4700000, 0x00000000c4700000, 0x00000000c4800000|  0%| F|  |TAMS 0x00000000c4700000| PB 0x00000000c4700000| Untracked |  0
|  46|0x00000000c4800000, 0x00000000c4800000, 0x00000000c4900000|  0%| F|  |TAMS 0x00000000c4800000| PB 0x00000000c4800000| Untracked |  0
|  47|0x00000000c4900000, 0x00000000c4900000, 0x00000000c4a00000|  0%| F|  |TAMS 0x00000000c4900000| PB 0x00000000c4900000| Untracked |  0
|  48|0x00000000c4a00000, 0x00000000c4a00000, 0x00000000c4b00000|  0%| F|  |TAMS 0x00000000c4a00000| PB 0x00000000c4a00000| Untracked |  0
|  49|0x00000000c4b00000, 0x00000000c4b00000, 0x00000000c4c00000|  0%| F|  |TAMS 0x00000000c4b00000| PB 0x00000000c4b00000| Untracked |  0
|  50|0x00000000c4c00000, 0x00000000c4c00000, 0x00000000c4d00000|  0%| F|  |TAMS 0x00000000c4c00000| PB 0x00000000c4c00000| Untracked |  0
|  51|0x00000000c4d00000, 0x00000000c4d00000, 0x00000000c4e00000|  0%| F|  |TAMS 0x00000000c4d00000| PB 0x00000000c4d00000| Untracked |  0
|  52|0x00000000c4e00000, 0x00000000c4e00000, 0x00000000c4f00000|  0%| F|  |TAMS 0x00000000c4e00000| PB 0x00000000c4e00000| Untracked |  0
|  53|0x00000000c4f00000, 0x00000000c4f00000, 0x00000000c5000000|  0%| F|  |TAMS 0x00000000c4f00000| PB 0x00000000c4f00000| Untracked |  0
|  54|0x00000000c5000000, 0x00000000c5000000, 0x00000000c5100000|  0%| F|  |TAMS 0x00000000c5000000| PB 0x00000000c5000000| Untracked |  0
|  55|0x00000000c5100000, 0x00000000c5100000, 0x00000000c5200000|  0%| F|  |TAMS 0x00000000c5100000| PB 0x00000000c5100000| Untracked |  0
|  56|0x00000000c5200000, 0x00000000c5200000, 0x00000000c5300000|  0%| F|  |TAMS 0x00000000c5200000| PB 0x00000000c5200000| Untracked |  0
|  57|0x00000000c5300000, 0x00000000c5300000, 0x00000000c5400000|  0%| F|  |TAMS 0x00000000c5300000| PB 0x00000000c5300000| Untracked |  0
|  58|0x00000000c5400000, 0x00000000c5400000, 0x00000000c5500000|  0%| F|  |TAMS 0x00000000c5400000| PB 0x00000000c5400000| Untracked |  0
|  59|0x00000000c5500000, 0x00000000c5500000, 0x00000000c5600000|  0%| F|  |TAMS 0x00000000c5500000| PB 0x00000000c5500000| Untracked |  0
|  60|0x00000000c5600000, 0x00000000c5600000, 0x00000000c5700000|  0%| F|  |TAMS 0x00000000c5600000| PB 0x00000000c5600000| Untracked |  0
|  61|0x00000000c5700000, 0x00000000c578f618, 0x00000000c5800000| 56%| E|  |TAMS 0x00000000c5700000| PB 0x00000000c5700000| Complete |  0
|  62|0x00000000c5800000, 0x00000000c5900000, 0x00000000c5900000|100%| E|CS|TAMS 0x00000000c5800000| PB 0x00000000c5800000| Complete |  0
|  63|0x00000000c5900000, 0x00000000c5a00000, 0x00000000c5a00000|100%| E|CS|TAMS 0x00000000c5900000| PB 0x00000000c5900000| Complete |  0

Card table byte_map: [0x000002836bfd0000,0x000002836c1d0000] _byte_map_base: 0x000002836b9c3000

Marking Bits: (CMBitMap*) 0x0000028354ab53d0
 Bits: [0x000002836c1d0000, 0x000002836d168000)

Polling page: 0x0000028352a00000

Metaspace:

Usage:
  Non-class:      6.11 MB used.
      Class:    581.44 KB used.
       Both:      6.67 MB used.

Virtual space:
  Non-class space:       64.00 MB reserved,       6.12 MB ( 10%) committed,  1 nodes.
      Class space:        1.00 GB reserved,     640.00 KB ( <1%) committed,  1 nodes.
             Both:        1.06 GB reserved,       6.75 MB ( <1%) committed. 

Chunk freelists:
   Non-Class:  9.00 MB
       Class:  15.25 MB
        Both:  24.25 MB

MaxMetaspaceSize: unlimited
CompressedClassSpaceSize: 1.00 GB
Initial GC threshold: 21.00 MB
Current GC threshold: 21.00 MB
CDS: off
 - commit_granule_bytes: 65536.
 - commit_granule_words: 8192.
 - virtual_space_node_default_size: 8388608.
 - enlarge_chunks_in_place: 1.
 - use_allocation_guard: 0.


Internal statistics:

num_allocs_failed_limit: 0.
num_arena_births: 6.
num_arena_deaths: 0.
num_vsnodes_births: 2.
num_vsnodes_deaths: 0.
num_space_committed: 108.
num_space_uncommitted: 0.
num_chunks_returned_to_freelist: 0.
num_chunks_taken_from_freelist: 25.
num_chunk_merges: 0.
num_chunk_splits: 8.
num_chunks_enlarged: 2.
num_inconsistent_stats: 0.

CodeHeap 'non-profiled nmethods': size=120000Kb used=46Kb max_used=46Kb free=119953Kb
 bounds [0x00000283648a0000, 0x0000028364b10000, 0x000002836bdd0000]
CodeHeap 'profiled nmethods': size=120000Kb used=183Kb max_used=183Kb free=119816Kb
 bounds [0x000002835cdd0000, 0x000002835d040000, 0x0000028364300000]
CodeHeap 'non-nmethods': size=5760Kb used=1279Kb max_used=1279Kb free=4480Kb
 bounds [0x0000028364300000, 0x0000028364570000, 0x00000283648a0000]
 total_blobs=561 nmethods=165 adapters=301
 compilation: enabled
              stopped_count=0, restarted_count=0
 full_count=0

Compilation events (20 events):
Event: 0.511 Thread 0x00000283001f7d50  160       3       java.lang.module.ResolvedModule::hashCode (16 bytes)
Event: 0.511 Thread 0x00000283001efd80  162       4       java.lang.String::hashCode (60 bytes)
Event: 0.511 Thread 0x00000283001f7d50 nmethod 160 0x000002835cdfd290 code [0x000002835cdfd440, 0x000002835cdfd660]
Event: 0.511 Thread 0x00000283001f7d50  157       1       java.lang.module.ModuleDescriptor::isAutomatic (5 bytes)
Event: 0.511 Thread 0x00000283001f7d50 nmethod 157 0x00000283648aa990 code [0x00000283648aab20, 0x00000283648aabf0]
Event: 0.511 Thread 0x00000283001f7d50  158       1       java.util.HashMap$Node::getKey (5 bytes)
Event: 0.511 Thread 0x00000283001f7d50 nmethod 158 0x00000283648aac90 code [0x00000283648aae20, 0x00000283648aaee8]
Event: 0.511 Thread 0x00000283001f7d50  159       1       java.util.HashMap$Node::getValue (5 bytes)
Event: 0.511 Thread 0x00000283001f7d50 nmethod 159 0x00000283648aaf90 code [0x00000283648ab120, 0x00000283648ab1e8]
Event: 0.511 Thread 0x00000283001f7d50  161       1       java.util.ImmutableCollections$Set12::isEmpty (2 bytes)
Event: 0.511 Thread 0x00000283001f7d50 nmethod 161 0x00000283648ab290 code [0x00000283648ab420, 0x00000283648ab4e8]
Event: 0.512 Thread 0x00000283001f7d50  167       3       java.lang.module.ModuleDescriptor$Exports::isQualified (18 bytes)
Event: 0.512 Thread 0x00000283001f7d50 nmethod 167 0x000002835cdfd790 code [0x000002835cdfd940, 0x000002835cdfdb60]
Event: 0.512 Thread 0x00000283001f7d50  166       3       java.util.ImmutableCollections$SetN::isEmpty (13 bytes)
Event: 0.512 Thread 0x00000283001f7d50 nmethod 166 0x000002835cdfdc10 code [0x000002835cdfdda0, 0x000002835cdfdf00]
Event: 0.512 Thread 0x00000283001f7d50  163       1       java.lang.module.ModuleDescriptor$Exports::source (5 bytes)
Event: 0.512 Thread 0x00000283001f7d50 nmethod 163 0x00000283648ab590 code [0x00000283648ab720, 0x00000283648ab7e8]
Event: 0.512 Thread 0x00000283001f7d50  164       1       java.lang.module.ModuleDescriptor$Exports::targets (5 bytes)
Event: 0.512 Thread 0x00000283001f7d50 nmethod 164 0x00000283648ab890 code [0x00000283648aba20, 0x00000283648abae8]
Event: 0.512 Thread 0x00000283001f7d50  168       3       java.util.HashMap::putIfAbsent (13 bytes)

GC Heap History (0 events):
No events

Dll operation events (4 events):
Event: 0.015 Loaded shared library C:\Program Files\Java\jdk-22\bin\java.dll
Event: 0.163 Loaded shared library C:\Program Files\Java\jdk-22\bin\jsvml.dll
Event: 0.492 Loaded shared library C:\Program Files\Java\jdk-22\bin\net.dll
Event: 0.495 Loaded shared library C:\Program Files\Java\jdk-22\bin\nio.dll

Deoptimization events (0 events):
No events

Classes loaded (20 events):
Event: 0.503 Loading class java/util/HashMap$HashMapSpliterator done
Event: 0.503 Loading class java/util/HashMap$ValueSpliterator done
Event: 0.503 Loading class java/util/HashMap$KeySpliterator
Event: 0.503 Loading class java/util/HashMap$KeySpliterator done
Event: 0.503 Loading class java/util/Collections$UnmodifiableCollection$1
Event: 0.503 Loading class java/util/Collections$UnmodifiableCollection$1 done
Event: 0.504 Loading class java/lang/ModuleLayer
Event: 0.504 Loading class java/lang/ModuleLayer done
Event: 0.505 Loading class java/util/LinkedHashSet
Event: 0.505 Loading class java/util/SequencedSet
Event: 0.506 Loading class java/util/SequencedSet done
Event: 0.506 Loading class java/util/LinkedHashSet done
Event: 0.506 Loading class java/util/LinkedHashMap
Event: 0.506 Loading class java/util/SequencedMap
Event: 0.506 Loading class java/util/SequencedMap done
Event: 0.506 Loading class java/util/LinkedHashMap done
Event: 0.508 Loading class jdk/internal/module/ModuleReferenceImpl$CachedHash
Event: 0.508 Loading class jdk/internal/module/ModuleReferenceImpl$CachedHash done
Event: 0.508 Loading class java/lang/module/ResolvedModule
Event: 0.509 Loading class java/lang/module/ResolvedModule done

Classes unloaded (0 events):
No events

Classes redefined (0 events):
No events

Internal exceptions (4 events):
Event: 0.497 Thread 0x00000283528a9f40 Exception <a 'sun/nio/fs/WindowsException'{0x00000000c58cf7d8}> (0x00000000c58cf7d8) 
thrown [s\open\src\hotspot\share\prims\jni.cpp, line 520]
Event: 0.500 Thread 0x00000283528a9f40 Exception <a 'sun/nio/fs/WindowsException'{0x00000000c58d1eb8}> (0x00000000c58d1eb8) 
thrown [s\open\src\hotspot\share\prims\jni.cpp, line 520]
Event: 0.501 Thread 0x00000283528a9f40 Exception <a 'sun/nio/fs/WindowsException'{0x00000000c58d2a10}> (0x00000000c58d2a10) 
thrown [s\open\src\hotspot\share\prims\jni.cpp, line 520]
Event: 0.501 Thread 0x00000283528a9f40 Exception <a 'sun/nio/fs/WindowsException'{0x00000000c58d4468}> (0x00000000c58d4468) 
thrown [s\open\src\hotspot\share\prims\jni.cpp, line 520]

ZGC Phase Switch (0 events):
No events

VM Operations (2 events):
Event: 0.506 Executing VM operation: HandshakeAllThreads (Deoptimize)
Event: 0.506 Executing VM operation: HandshakeAllThreads (Deoptimize) done

Events (10 events):
Event: 0.025 Thread 0x00000283528a9f40 Thread added: 0x00000283528a9f40
Event: 0.156 Thread 0x0000028300318070 Thread added: 0x0000028300318070
Event: 0.156 Thread 0x00000283001eaa40 Thread added: 0x00000283001eaa40
Event: 0.160 Thread 0x00000283001ed0d0 Thread added: 0x00000283001ed0d0
Event: 0.160 Thread 0x00000283001edb30 Thread added: 0x00000283001edb30
Event: 0.160 Thread 0x00000283001ee590 Thread added: 0x00000283001ee590
Event: 0.160 Thread 0x00000283001eeff0 Thread added: 0x00000283001eeff0
Event: 0.161 Thread 0x00000283001efd80 Thread added: 0x00000283001efd80
Event: 0.161 Thread 0x00000283001f7d50 Thread added: 0x00000283001f7d50
Event: 0.427 Thread 0x00000283004631a0 Thread added: 0x00000283004631a0


Dynamic libraries:
0x00007ff6acd00000 - 0x00007ff6acd10000 	C:\Program Files\Java\jdk-22\bin\java.exe
0x00007ffa57590000 - 0x00007ffa57788000 	C:\WINDOWS\SYSTEM32\ntdll.dll
0x00007ffa55760000 - 0x00007ffa55822000 	C:\WINDOWS\System32\KERNEL32.DLL
0x00007ffa54ef0000 - 0x00007ffa551ee000 	C:\WINDOWS\System32\KERNELBASE.dll
0x00007ffa55420000 - 0x00007ffa55520000 	C:\WINDOWS\System32\ucrtbase.dll
0x00007ffa502e0000 - 0x00007ffa502fb000 	C:\Program Files\Java\jdk-22\bin\VCRUNTIME140.dll
0x00007ffa48620000 - 0x00007ffa48637000 	C:\Program Files\Java\jdk-22\bin\jli.dll
0x00007ffa558d0000 - 0x00007ffa55981000 	C:\WINDOWS\System32\ADVAPI32.dll
0x00007ffa556c0000 - 0x00007ffa5575e000 	C:\WINDOWS\System32\msvcrt.dll
0x00007ffa55830000 - 0x00007ffa558cf000 	C:\WINDOWS\System32\sechost.dll
0x00007ffa561e0000 - 0x00007ffa56303000 	C:\WINDOWS\System32\RPCRT4.dll
0x00007ffa55290000 - 0x00007ffa552b7000 	C:\WINDOWS\System32\bcrypt.dll
0x00007ffa57270000 - 0x00007ffa5740d000 	C:\WINDOWS\System32\USER32.dll
0x00007ffa55260000 - 0x00007ffa55282000 	C:\WINDOWS\System32\win32u.dll
0x00007ffa56ed0000 - 0x00007ffa56efb000 	C:\WINDOWS\System32\GDI32.dll
0x00007ffa54dd0000 - 0x00007ffa54ee7000 	C:\WINDOWS\System32\gdi32full.dll
0x00007ffa41310000 - 0x00007ffa415aa000 	C:\WINDOWS\WinSxS\amd64_microsoft.windows.common-controls_6595b64144ccf1df_6.0.19041.4355_none_60b8b9eb71f62e16\COMCTL32.dll
0x00007ffa54ce0000 - 0x00007ffa54d7d000 	C:\WINDOWS\System32\msvcp_win.dll
0x00007ffa44690000 - 0x00007ffa4469a000 	C:\WINDOWS\SYSTEM32\VERSION.dll
0x00007ffa55690000 - 0x00007ffa556bf000 	C:\WINDOWS\System32\IMM32.DLL
0x00007ffa51d30000 - 0x00007ffa51d3c000 	C:\Program Files\Java\jdk-22\bin\vcruntime140_1.dll
0x00007ffa48580000 - 0x00007ffa4860e000 	C:\Program Files\Java\jdk-22\bin\msvcp140.dll
0x00007ff9ec6f0000 - 0x00007ff9ed437000 	C:\Program Files\Java\jdk-22\bin\server\jvm.dll
0x00007ffa57050000 - 0x00007ffa570bb000 	C:\WINDOWS\System32\WS2_32.dll
0x00007ffa43d00000 - 0x00007ffa43d27000 	C:\WINDOWS\SYSTEM32\WINMM.dll
0x00007ffa54a90000 - 0x00007ffa54adb000 	C:\WINDOWS\SYSTEM32\POWRPROF.dll
0x00007ffa54a70000 - 0x00007ffa54a82000 	C:\WINDOWS\SYSTEM32\UMPDC.dll
0x00007ffa52ab0000 - 0x00007ffa52ac2000 	C:\WINDOWS\SYSTEM32\kernel.appcore.dll
0x00007ffa4f740000 - 0x00007ffa4f74a000 	C:\Program Files\Java\jdk-22\bin\jimage.dll
0x00007ffa43df0000 - 0x00007ffa43fd4000 	C:\WINDOWS\SYSTEM32\DBGHELP.DLL
0x00007ffa434f0000 - 0x00007ffa43524000 	C:\WINDOWS\SYSTEM32\dbgcore.DLL
0x00007ffa55520000 - 0x00007ffa555a2000 	C:\WINDOWS\System32\bcryptPrimitives.dll
0x00007ffa4f750000 - 0x00007ffa4f76e000 	C:\Program Files\Java\jdk-22\bin\java.dll
0x00007ffa55a70000 - 0x00007ffa561dd000 	C:\WINDOWS\System32\SHELL32.dll
0x00007ffa56f20000 - 0x00007ffa5704b000 	C:\WINDOWS\System32\ole32.dll
0x00007ffa56560000 - 0x00007ffa568b3000 	C:\WINDOWS\System32\combase.dll
0x00007ffa52cb0000 - 0x00007ffa53454000 	C:\WINDOWS\SYSTEM32\windows.storage.dll
0x00007ffa54590000 - 0x00007ffa545be000 	C:\WINDOWS\SYSTEM32\Wldp.dll
0x00007ffa55990000 - 0x00007ffa55a5d000 	C:\WINDOWS\System32\OLEAUT32.dll
0x00007ffa56e20000 - 0x00007ffa56ecd000 	C:\WINDOWS\System32\SHCORE.dll
0x00007ffa563c0000 - 0x00007ffa56415000 	C:\WINDOWS\System32\shlwapi.dll
0x00007ffa54b60000 - 0x00007ffa54b84000 	C:\WINDOWS\SYSTEM32\profapi.dll
0x00007ffa3e1b0000 - 0x00007ffa3e287000 	C:\Program Files\Java\jdk-22\bin\jsvml.dll
0x00007ffa4d060000 - 0x00007ffa4d070000 	C:\Program Files\Java\jdk-22\bin\net.dll
0x00007ffa542f0000 - 0x00007ffa5435a000 	C:\WINDOWS\system32\mswsock.dll
0x00007ffa4c100000 - 0x00007ffa4c116000 	C:\Program Files\Java\jdk-22\bin\nio.dll

dbghelp: loaded successfully - version: 4.0.5 - missing functions: none
symbol engine: initialized successfully - sym options: 0x614 - pdb path: .;C:\Program Files\Java\jdk-22\bin;C:\WINDOWS\SYSTEM32;C:\WINDOWS\WinSxS\amd64_microsoft.windows.common-controls_6595b64144ccf1df_6.0.19041.4355_none_60b8b9eb71f62e16;C:\Program Files\Java\jdk-22\bin\server

VM Arguments:
jvm_args: -Dfile.encoding=UTF-8 --module-path=C:\Users\user\OneDrive\Desktop\NetBeansProjects\HotelManagementSystem\build\classes 
java_command: hotelmanagementsystem.Reception
java_class_path (initial): C:\Users\user\Downloads\mysql-connector-java-8.0.28 (1).jar;C:\Users\user\Downloads\rs2xml.jar;C:\Users\user\OneDrive\Desktop\NetBeansProjects\HotelManagementSystem\build\classes
Launcher Type: SUN_STANDARD

[Global flags]
     intx CICompilerCount                          = 3                                         {product} {ergonomic}
     uint ConcGCThreads                            = 1                                         {product} {ergonomic}
     uint G1ConcRefinementThreads                  = 4                                         {product} {ergonomic}
   size_t G1HeapRegionSize                         = 1048576                                   {product} {ergonomic}
   size_t InitialHeapSize                          = 67108864                                  {product} {ergonomic}
   size_t MarkStackSize                            = 4194304                                   {product} {ergonomic}
   size_t MaxHeapSize                              = 1046478848                                {product} {ergonomic}
   size_t MaxNewSize                               = 627048448                                 {product} {ergonomic}
   size_t MinHeapDeltaBytes                        = 1048576                                   {product} {ergonomic}
   size_t MinHeapSize                              = 8388608                                   {product} {ergonomic}
    uintx NonNMethodCodeHeapSize                   = 5832780                                {pd product} {ergonomic}
    uintx NonProfiledCodeHeapSize                  = 122912730                              {pd product} {ergonomic}
    uintx ProfiledCodeHeapSize                     = 122912730                              {pd product} {ergonomic}
    uintx ReservedCodeCacheSize                    = 251658240                              {pd product} {ergonomic}
     bool SegmentedCodeCache                       = true                                      {product} {ergonomic}
   size_t SoftMaxHeapSize                          = 1046478848                             {manageable} {ergonomic}
     bool UseCompressedOops                        = true                           {product lp64_product} {ergonomic}
     bool UseG1GC                                  = true                                      {product} {ergonomic}
     bool UseLargePagesIndividualAllocation        = false                                  {pd product} {ergonomic}

Logging:
Log output configuration:
 #0: stdout all=warning uptime,level,tags foldmultilines=false
 #1: stderr all=off uptime,level,tags foldmultilines=false

Environment Variables:
PATH=C:\Program Files\Common Files\Oracle\Java\javapath;C:\WINDOWS\system32;C:\WINDOWS;C:\WINDOWS\System32\Wbem;C:\WINDOWS\System32\WindowsPowerShell\v1.0\;C:\WINDOWS\System32\OpenSSH\;C:\Program Files\nodejs\;C:\Program Files\Git\cmd;C:\Program Files\Java\jdk-22\bin;C:\Program Files\MySQL\MySQL Shell 8.0\bin\;C:\Users\user\AppData\Local\Microsoft\WindowsApps;C:\Users\user\AppData\Local\Programs\Microsoft VS Code\bin;C:\Users\user\AppData\Local\GitHubDesktop\bin;C:\Users\user\AppData\Roaming\npm
USERNAME=user
OS=Windows_NT
PROCESSOR_IDENTIFIER=Intel64 Family 6 Model 58 Stepping 9, GenuineIntel
TMP=C:\Users\user\AppData\Local\Temp
TEMP=C:\Users\user\AppData\Local\Temp




Periodic native trim disabled

---------------  S Y S T E M  ---------------

OS:
 Windows 10 , 64 bit Build 19041 (10.0.19041.5198)
OS uptime: 0 days 4:52 hours

CPU: total 4 (initial active 4) (2 cores per cpu, 2 threads per core) family 6 model 58 stepping 9 microcode 0x21, cx8, cmov, fxsr, ht, mmx, sse, sse2, sse3, ssse3, sse4.1, sse4.2, popcnt, tsc, tscinvbit, avx, aes, erms, clmul, vzeroupper, clflush, rdtscp, f16c
Processor Information for all 4 processors :
  Max Mhz: 2501, Current Mhz: 2501, Mhz Limit: 2501

Memory: 4k page, system-wide physical 3987M (315M free)
TotalPageFile size 16275M (AvailPageFile size 0M)
current process WorkingSet (physical memory assigned to process): 32M, peak: 32M
current process commit charge ("private bytes"): 130M, peak: 130M

vm_info: Java HotSpot(TM) 64-Bit Server VM (22.0.1+8-16) for windows-amd64 JRE (22.0.1+8-16), built on 2024-03-12T10:33:16Z by "mach5one" with MS VC++ 17.6 (VS2022)

END.
