#
# There is insufficient memory for the Java Runtime Environment to continue.
# Native memory allocation (mmap) failed to map 65536 bytes. Error detail: Failed to commit metaspace.
# Possible reasons:
#   The system is out of physical RAM or swap space
#   This process is running with CompressedOops enabled, and the Java Heap may be blocking the growth of the native heap
# Possible solutions:
#   Reduce memory load on the system
#   Increase physical memory or swap space
#   Check if swap backing store is full
#   Decrease Java heap size (-Xmx/-Xms)
#   Decrease number of Java threads
#   Decrease Java thread stack sizes (-Xss)
#   Set larger code cache with -XX:ReservedCodeCacheSize=
#   JVM is running with Unscaled Compressed Oops mode in which the Java heap is
#     placed in the first 4GB address space. The Java Heap base address is the
#     maximum limit for the native heap growth. Please use -XX:HeapBaseMinAddress
#     to set the Java Heap base and to place the Java Heap above 4GB virtual address.
# This output file may be truncated or incomplete.
#
#  Out of Memory Error (virtualSpaceNode.cpp:112), pid=3692, tid=13228
#
# JRE version: Java(TM) SE Runtime Environment (22.0.1+8) (build 22.0.1+8-16)
# Java VM: Java HotSpot(TM) 64-Bit Server VM (22.0.1+8-16, mixed mode, sharing, tiered, compressed oops, compressed class ptrs, g1 gc, windows-amd64)
# No core dump will be written. Minidumps are not enabled by default on client versions of Windows
#

---------------  S U M M A R Y ------------

Command Line: -Dfile.encoding=UTF-8 --module-path=C:\Users\user\OneDrive\Desktop\NetBeansProjects\HotelManagementSystem\build\classes hotelmanagementsystem.Login

Host: Intel(R) Core(TM) i5-3210M CPU @ 2.50GHz, 4 cores, 3G,  Windows 10 , 64 bit Build 19041 (10.0.19041.5072)
Time: Mon Dec  9 22:33:44 2024 Nepal Standard Time elapsed time: 0.457349 seconds (0d 0h 0m 0s)

---------------  T H R E A D  ---------------

Current thread (0x0000021633198bc0):  JavaThread "main"             [_thread_in_vm, id=13228, stack(0x000000579e500000,0x000000579e600000) (1024K)]

Stack: [0x000000579e500000,0x000000579e600000]
Native frames: (J=compiled Java code, j=interpreted, Vv=VM code, C=native code)
V  [jvm.dll+0x6e2279]  (no source info available)
V  [jvm.dll+0x874e33]  (no source info available)
V  [jvm.dll+0x87725e]  (no source info available)
V  [jvm.dll+0x877933]  (no source info available)
V  [jvm.dll+0x27fd76]  (no source info available)
V  [jvm.dll+0x870a7e]  (no source info available)
V  [jvm.dll+0x6852e5]  (no source info available)
V  [jvm.dll+0x68534a]  (no source info available)
V  [jvm.dll+0x687b8a]  (no source info available)
V  [jvm.dll+0x2250ac]  (no source info available)
V  [jvm.dll+0x685cfe]  (no source info available)
V  [jvm.dll+0x26b190]  (no source info available)
V  [jvm.dll+0x215cf7]  (no source info available)
V  [jvm.dll+0x20b4ee]  (no source info available)
V  [jvm.dll+0x5c462f]  (no source info available)
V  [jvm.dll+0x21cc6a]  (no source info available)
V  [jvm.dll+0x7eb6dc]  (no source info available)
V  [jvm.dll+0x7ec776]  (no source info available)
V  [jvm.dll+0x7ecfa0]  (no source info available)
V  [jvm.dll+0x2165ac]  (no source info available)
V  [jvm.dll+0x20b507]  (no source info available)
V  [jvm.dll+0x5c462f]  (no source info available)
V  [jvm.dll+0x21cc6a]  (no source info available)
V  [jvm.dll+0x7eb6dc]  (no source info available)
V  [jvm.dll+0x7ec776]  (no source info available)
V  [jvm.dll+0x7ecd84]  (no source info available)
V  [jvm.dll+0x7eca08]  (no source info available)
V  [jvm.dll+0x26d79b]  (no source info available)
V  [jvm.dll+0x3db61a]  (no source info available)
C  0x0000021644bceb96  (no source info available)

The last pc belongs to ldc (printed below).
Java frames: (J=compiled Java code, j=interpreted, Vv=VM code)
j  sun.java2d.loops.GraphicsPrimitiveMgr.<clinit>()V+10 java.desktop@22.0.1
v  ~StubRoutines::call_stub 0x0000021644bc100d
j  sun.java2d.windows.GDIBlitLoops.register()V+137 java.desktop@22.0.1
j  sun.java2d.windows.GDIWindowSurfaceData.<clinit>()V+72 java.desktop@22.0.1
v  ~StubRoutines::call_stub 0x0000021644bc100d
j  sun.awt.Win32GraphicsConfig.createSurfaceData(Lsun/awt/windows/WComponentPeer;I)Lsun/java2d/SurfaceData;+1 java.desktop@22.0.1
j  sun.java2d.ScreenUpdateManager.createScreenSurface(Lsun/awt/Win32GraphicsConfig;Lsun/awt/windows/WComponentPeer;IZ)Lsun/java2d/SurfaceData;+3 java.desktop@22.0.1
j  sun.java2d.d3d.D3DScreenUpdateManager.createScreenSurface(Lsun/awt/Win32GraphicsConfig;Lsun/awt/windows/WComponentPeer;IZ)Lsun/java2d/SurfaceData;+20 java.desktop@22.0.1
j  sun.awt.windows.WComponentPeer.createScreenSurface(Z)V+21 java.desktop@22.0.1
j  sun.awt.windows.WComponentPeer.<init>(Ljava/awt/Component;)V+79 java.desktop@22.0.1
j  sun.awt.windows.WCanvasPeer.<init>(Ljava/awt/Component;)V+2 java.desktop@22.0.1
j  sun.awt.windows.WPanelPeer.<init>(Ljava/awt/Component;)V+2 java.desktop@22.0.1
j  sun.awt.windows.WWindowPeer.<init>(Ljava/awt/Window;)V+2 java.desktop@22.0.1
j  sun.awt.windows.WFramePeer.<init>(Ljava/awt/Frame;)V+2 java.desktop@22.0.1
j  sun.awt.windows.WToolkit.createFrame(Ljava/awt/Frame;)Ljava/awt/peer/FramePeer;+5 java.desktop@22.0.1
j  java.awt.Frame.addNotify()V+20 java.desktop@22.0.1
j  java.awt.Window.show()V+8 java.desktop@22.0.1
j  java.awt.Component.show(Z)V+5 java.desktop@22.0.1
j  java.awt.Component.setVisible(Z)V+2 java.desktop@22.0.1
j  java.awt.Window.setVisible(Z)V+2 java.desktop@22.0.1
j  hotelmanagementsystem.RunFrame.Frame()V+28
j  hotelmanagementsystem.Login.main([Ljava/lang/String;)V+9
v  ~StubRoutines::call_stub 0x0000021644bc100d
ldc  18 ldc  [0x0000021644bceae0, 0x0000021644bced88]  680 bytes
[MachCode]
  0x0000021644bceae0: 4883 ec08 | c5fa 1104 | 24eb 1f48 | 83ec 10c5 | fb11 0424 | eb14 4883 | ec10 4889 | 0424 48c7 
  0x0000021644bceb00: 4424 0800 | 0000 00eb | 0150 410f | b65d 0148 | 8b4d e848 | 8b49 0848 | 8b49 0848 | 8b41 080f 
  0x0000021644bceb20: b654 1804 | 83fa 6474 | 0e83 fa67 | 7409 83fa | 070f 85bd | 0000 00ba | 0000 0000 | e805 0000 
  0x0000021644bceb40: 00e9 a800 | 0000 488d | 4424 084c | 896d c049 | 8bcf c5f8 | 7749 89af | b003 0000 | 4989 87a0 
  0x0000021644bceb60: 0300 0048 | 83ec 2040 | f6c4 0f0f | 8419 0000 | 0048 83ec | 0848 b800 | b5d4 27fb | 7f00 00ff 
  0x0000021644bceb80: d048 83c4 | 08e9 0c00 | 0000 48b8 | 00b5 d427 | fb7f 0000 | ffd0 4883 | c420 49c7 | 87a0 0300 
  0x0000021644bceba0: 0000 0000 | 0049 c787 | b003 0000 | 0000 0000 | 49c7 87a8 | 0300 0000 | 0000 00c5 | f877 4983 
  0x0000021644bcebc0: 7f08 000f | 8405 0000 | 00e9 3223 | ffff 498b | 87f8 0300 | 0049 c787 | f803 0000 | 0000 0000 
  0x0000021644bcebe0: 4c8b 6dc0 | 4c8b 75c8 | 4e8d 74f5 | 00c3 50e9 | 7c01 0000 | 83fa 0475 | 14c5 fa10 | 44d9 4848 
  0x0000021644bcec00: 83ec 08c5 | fa11 0424 | e963 0100 | 0083 fa03 | 750a 8b44 | d948 50e9 | 5401 0000 | ba12 0000 
  0x0000021644bcec20: 00e8 0500 | 0000 e9a8 | 0000 0048 | 8d44 2408 | 4c89 6dc0 | 498b cfc5 | f877 4989 | afb0 0300 
  0x0000021644bcec40: 0049 8987 | a003 0000 | 4883 ec20 | 40f6 c40f | 0f84 1900 | 0000 4883 | ec08 48b8 | c0da d427 
  0x0000021644bcec60: fb7f 0000 | ffd0 4883 | c408 e90c | 0000 0048 | b8c0 dad4 | 27fb 7f00 | 00ff d048 | 83c4 2049 
  0x0000021644bcec80: c787 a003 | 0000 0000 | 0000 49c7 | 87b0 0300 | 0000 0000 | 0049 c787 | a803 0000 | 0000 0000 
  0x0000021644bceca0: c5f8 7749 | 837f 0800 | 0f84 0500 | 0000 e94d | 22ff ff49 | 8b87 f803 | 0000 49c7 | 87f8 0300 
  0x0000021644bcecc0: 0000 0000 | 004c 8b6d | c04c 8b75 | c84e 8d74 | f500 c349 | 8b8f 0004 | 0000 49c7 | 8700 0400 
  0x0000021644bcece0: 0000 0000 | 008b d981 | e3ff ff00 | 00c1 e91c | 83e1 0f83 | f904 7509 | 8b04 1850 | e96f 0000 
  0x0000021644bced00: 0083 f906 | 7513 c5fa | 1004 1848 | 83ec 08c5 | fa11 0424 | e957 0000 | 0083 f903 | 750a 0fbf 
  0x0000021644bced20: 0418 50e9 | 4800 0000 | 83f9 0075 | 0a0f be04 | 1850 e939 | 0000 0083 | f902 750a | 0fb7 0418 
  0x0000021644bced40: 50e9 2a00 | 0000 83f9 | 0175 0a0f | be04 1850 | e91b 0000 | 0048 b918 | 933d 28fb | 7f00 0048 
  0x0000021644bced60: 83e4 f048 | b8c0 94fa | 27fb 7f00 | 00ff d0f4 | 410f b65d | 0249 83c5 | 0249 baf0 | 015f 28fb 
  0x0000021644bced80: 7f00 0041 | ff24 da90 
[/MachCode]

---------------  P R O C E S S  ---------------

Threads class SMR info:
_java_thread_list=0x000002169540b360, length=15, elements={
0x0000021633198bc0, 0x000002163540e7f0, 0x000002164fe8b9d0, 0x000002164fe93010,
0x000002164fe93680, 0x000002164fe99d10, 0x000002164fe9d880, 0x000002164fe9e830,
0x000002164fea2f10, 0x000002169515c050, 0x0000021695205f80, 0x00000216953b19e0,
0x00000216953b4f20, 0x00000216953ba060, 0x0000021695419c80
}

Java Threads: ( => current thread )
=>0x0000021633198bc0 JavaThread "main"                              [_thread_in_vm, id=13228, stack(0x000000579e500000,0x000000579e600000) (1024K)]
  0x000002163540e7f0 JavaThread "Reference Handler"          daemon [_thread_blocked, id=7252, stack(0x000000579ed00000,0x000000579ee00000) (1024K)]
  0x000002164fe8b9d0 JavaThread "Finalizer"                  daemon [_thread_blocked, id=19968, stack(0x000000579ee00000,0x000000579ef00000) (1024K)]
  0x000002164fe93010 JavaThread "Signal Dispatcher"          daemon [_thread_blocked, id=14764, stack(0x000000579ef00000,0x000000579f000000) (1024K)]
  0x000002164fe93680 JavaThread "Attach Listener"            daemon [_thread_blocked, id=20216, stack(0x000000579f000000,0x000000579f100000) (1024K)]
  0x000002164fe99d10 JavaThread "Service Thread"             daemon [_thread_blocked, id=5448, stack(0x000000579f100000,0x000000579f200000) (1024K)]
  0x000002164fe9d880 JavaThread "Monitor Deflation Thread"   daemon [_thread_blocked, id=6264, stack(0x000000579f200000,0x000000579f300000) (1024K)]
  0x000002164fe9e830 JavaThread "C2 CompilerThread0"         daemon [_thread_blocked, id=18872, stack(0x000000579f300000,0x000000579f400000) (1024K)]
  0x000002164fea2f10 JavaThread "C1 CompilerThread0"         daemon [_thread_blocked, id=16584, stack(0x000000579f400000,0x000000579f500000) (1024K)]
  0x000002169515c050 JavaThread "Common-Cleaner"             daemon [_thread_blocked, id=13328, stack(0x000000579f500000,0x000000579f600000) (1024K)]
  0x0000021695205f80 JavaThread "Notification Thread"        daemon [_thread_blocked, id=19828, stack(0x000000579f600000,0x000000579f700000) (1024K)]
  0x00000216953b19e0 JavaThread "Java2D Disposer"            daemon [_thread_blocked, id=11244, stack(0x000000579f700000,0x000000579f800000) (1024K)]
  0x00000216953b4f20 JavaThread "AWT-Shutdown"                      [_thread_blocked, id=19336, stack(0x000000579f800000,0x000000579f900000) (1024K)]
  0x00000216953ba060 JavaThread "AWT-Windows"                daemon [_thread_in_native, id=7400, stack(0x000000579f900000,0x000000579fa00000) (1024K)]
  0x0000021695419c80 JavaThread "AWT-EventQueue-0"                  [_thread_blocked, id=1960, stack(0x000000579fa00000,0x000000579fb00000) (1024K)]
Total: 15

Other Threads:
  0x0000021635401110 VMThread "VM Thread"                           [id=15156, stack(0x000000579ec00000,0x000000579ed00000) (1024K)]
  0x000002164fe7ac60 WatcherThread "VM Periodic Task Thread"        [id=16652, stack(0x000000579eb00000,0x000000579ec00000) (1024K)]
  0x00000216353731c0 WorkerThread "GC Thread#0"                     [id=5396, stack(0x000000579e600000,0x000000579e700000) (1024K)]
  0x000002163537cb40 ConcurrentGCThread "G1 Main Marker"            [id=20360, stack(0x000000579e700000,0x000000579e800000) (1024K)]
  0x000002163537dd00 WorkerThread "G1 Conc#0"                       [id=5784, stack(0x000000579e800000,0x000000579e900000) (1024K)]
  0x00000216353db160 ConcurrentGCThread "G1 Refine#0"               [id=616, stack(0x000000579e900000,0x000000579ea00000) (1024K)]
  0x00000216353dd810 ConcurrentGCThread "G1 Service"                [id=19584, stack(0x000000579ea00000,0x000000579eb00000) (1024K)]
Total: 7

Threads with active compile tasks:
Total: 0

VM state: not at safepoint (normal execution)

VM Mutex/Monitor currently owned by a thread:  ([mutex/lock_event])
[0x00007ffb285d9b38] Metaspace_lock - owner thread: 0x0000021633198bc0

Heap address: 0x00000000c1a00000, size: 998 MB, Compressed Oops mode: 32-bit

CDS archive(s) mapped at: [0x0000021650000000-0x0000021650c60000-0x0000021650c60000), size 12976128, SharedBaseAddress: 0x0000021650000000, ArchiveRelocationMode: 1.
Compressed class space mapped at: 0x0000021651000000-0x0000021691000000, reserved size: 1073741824
Narrow klass base: 0x0000021650000000, Narrow klass shift: 0, Narrow klass range: 0x41000000

GC Precious Log:
 CardTable entry size: 512
 Card Set container configuration: InlinePtr #cards 5 size 8 Array Of Cards #cards 12 size 40 Howl #buckets 4 coarsen threshold 1843 Howl Bitmap #cards 512 size 80 coarsen threshold 460 Card regions per heap region 1 cards per card region 2048
 CPUs: 4 total, 4 available
 Memory: 3987M
 Large Page Support: Disabled
 NUMA Support: Disabled
 Compressed Oops: Enabled (32-bit)
 Heap Region Size: 1M
 Heap Min Capacity: 8M
 Heap Initial Capacity: 64M
 Heap Max Capacity: 998M
 Pre-touch: Disabled
 Parallel Workers: 4
 Concurrent Workers: 1
 Concurrent Refinement Workers: 4
 Periodic GC: Disabled

Heap:
 garbage-first heap   total reserved 1021952K, committed 65536K, used 5120K [0x00000000c1a00000, 0x0000000100000000)
  region size 1024K, 6 young (6144K), 0 survivors (0K)
 Metaspace       used 4613K, committed 4800K, reserved 1114112K
  class space    used 508K, committed 640K, reserved 1048576K

Heap Regions: E=young(eden), S=young(survivor), O=old, HS=humongous(starts), HC=humongous(continues), CS=collection set, F=free, TAMS=top-at-mark-start, PB=parsable bottom
|   0|0x00000000c1a00000, 0x00000000c1a00000, 0x00000000c1b00000|  0%| F|  |TAMS 0x00000000c1a00000| PB 0x00000000c1a00000| Untracked |  0
|   1|0x00000000c1b00000, 0x00000000c1b00000, 0x00000000c1c00000|  0%| F|  |TAMS 0x00000000c1b00000| PB 0x00000000c1b00000| Untracked |  0
|   2|0x00000000c1c00000, 0x00000000c1c00000, 0x00000000c1d00000|  0%| F|  |TAMS 0x00000000c1c00000| PB 0x00000000c1c00000| Untracked |  0
|   3|0x00000000c1d00000, 0x00000000c1d00000, 0x00000000c1e00000|  0%| F|  |TAMS 0x00000000c1d00000| PB 0x00000000c1d00000| Untracked |  0
|   4|0x00000000c1e00000, 0x00000000c1e00000, 0x00000000c1f00000|  0%| F|  |TAMS 0x00000000c1e00000| PB 0x00000000c1e00000| Untracked |  0
|   5|0x00000000c1f00000, 0x00000000c1f00000, 0x00000000c2000000|  0%| F|  |TAMS 0x00000000c1f00000| PB 0x00000000c1f00000| Untracked |  0
|   6|0x00000000c2000000, 0x00000000c2000000, 0x00000000c2100000|  0%| F|  |TAMS 0x00000000c2000000| PB 0x00000000c2000000| Untracked |  0
|   7|0x00000000c2100000, 0x00000000c2100000, 0x00000000c2200000|  0%| F|  |TAMS 0x00000000c2100000| PB 0x00000000c2100000| Untracked |  0
|   8|0x00000000c2200000, 0x00000000c2200000, 0x00000000c2300000|  0%| F|  |TAMS 0x00000000c2200000| PB 0x00000000c2200000| Untracked |  0
|   9|0x00000000c2300000, 0x00000000c2300000, 0x00000000c2400000|  0%| F|  |TAMS 0x00000000c2300000| PB 0x00000000c2300000| Untracked |  0
|  10|0x00000000c2400000, 0x00000000c2400000, 0x00000000c2500000|  0%| F|  |TAMS 0x00000000c2400000| PB 0x00000000c2400000| Untracked |  0
|  11|0x00000000c2500000, 0x00000000c2500000, 0x00000000c2600000|  0%| F|  |TAMS 0x00000000c2500000| PB 0x00000000c2500000| Untracked |  0
|  12|0x00000000c2600000, 0x00000000c2600000, 0x00000000c2700000|  0%| F|  |TAMS 0x00000000c2600000| PB 0x00000000c2600000| Untracked |  0
|  13|0x00000000c2700000, 0x00000000c2700000, 0x00000000c2800000|  0%| F|  |TAMS 0x00000000c2700000| PB 0x00000000c2700000| Untracked |  0
|  14|0x00000000c2800000, 0x00000000c2800000, 0x00000000c2900000|  0%| F|  |TAMS 0x00000000c2800000| PB 0x00000000c2800000| Untracked |  0
|  15|0x00000000c2900000, 0x00000000c2900000, 0x00000000c2a00000|  0%| F|  |TAMS 0x00000000c2900000| PB 0x00000000c2900000| Untracked |  0
|  16|0x00000000c2a00000, 0x00000000c2a00000, 0x00000000c2b00000|  0%| F|  |TAMS 0x00000000c2a00000| PB 0x00000000c2a00000| Untracked |  0
|  17|0x00000000c2b00000, 0x00000000c2b00000, 0x00000000c2c00000|  0%| F|  |TAMS 0x00000000c2b00000| PB 0x00000000c2b00000| Untracked |  0
|  18|0x00000000c2c00000, 0x00000000c2c00000, 0x00000000c2d00000|  0%| F|  |TAMS 0x00000000c2c00000| PB 0x00000000c2c00000| Untracked |  0
|  19|0x00000000c2d00000, 0x00000000c2d00000, 0x00000000c2e00000|  0%| F|  |TAMS 0x00000000c2d00000| PB 0x00000000c2d00000| Untracked |  0
|  20|0x00000000c2e00000, 0x00000000c2e00000, 0x00000000c2f00000|  0%| F|  |TAMS 0x00000000c2e00000| PB 0x00000000c2e00000| Untracked |  0
|  21|0x00000000c2f00000, 0x00000000c2f00000, 0x00000000c3000000|  0%| F|  |TAMS 0x00000000c2f00000| PB 0x00000000c2f00000| Untracked |  0
|  22|0x00000000c3000000, 0x00000000c3000000, 0x00000000c3100000|  0%| F|  |TAMS 0x00000000c3000000| PB 0x00000000c3000000| Untracked |  0
|  23|0x00000000c3100000, 0x00000000c3100000, 0x00000000c3200000|  0%| F|  |TAMS 0x00000000c3100000| PB 0x00000000c3100000| Untracked |  0
|  24|0x00000000c3200000, 0x00000000c3200000, 0x00000000c3300000|  0%| F|  |TAMS 0x00000000c3200000| PB 0x00000000c3200000| Untracked |  0
|  25|0x00000000c3300000, 0x00000000c3300000, 0x00000000c3400000|  0%| F|  |TAMS 0x00000000c3300000| PB 0x00000000c3300000| Untracked |  0
|  26|0x00000000c3400000, 0x00000000c3400000, 0x00000000c3500000|  0%| F|  |TAMS 0x00000000c3400000| PB 0x00000000c3400000| Untracked |  0
|  27|0x00000000c3500000, 0x00000000c3500000, 0x00000000c3600000|  0%| F|  |TAMS 0x00000000c3500000| PB 0x00000000c3500000| Untracked |  0
|  28|0x00000000c3600000, 0x00000000c3600000, 0x00000000c3700000|  0%| F|  |TAMS 0x00000000c3600000| PB 0x00000000c3600000| Untracked |  0
|  29|0x00000000c3700000, 0x00000000c3700000, 0x00000000c3800000|  0%| F|  |TAMS 0x00000000c3700000| PB 0x00000000c3700000| Untracked |  0
|  30|0x00000000c3800000, 0x00000000c3800000, 0x00000000c3900000|  0%| F|  |TAMS 0x00000000c3800000| PB 0x00000000c3800000| Untracked |  0
|  31|0x00000000c3900000, 0x00000000c3900000, 0x00000000c3a00000|  0%| F|  |TAMS 0x00000000c3900000| PB 0x00000000c3900000| Untracked |  0
|  32|0x00000000c3a00000, 0x00000000c3a00000, 0x00000000c3b00000|  0%| F|  |TAMS 0x00000000c3a00000| PB 0x00000000c3a00000| Untracked |  0
|  33|0x00000000c3b00000, 0x00000000c3b00000, 0x00000000c3c00000|  0%| F|  |TAMS 0x00000000c3b00000| PB 0x00000000c3b00000| Untracked |  0
|  34|0x00000000c3c00000, 0x00000000c3c00000, 0x00000000c3d00000|  0%| F|  |TAMS 0x00000000c3c00000| PB 0x00000000c3c00000| Untracked |  0
|  35|0x00000000c3d00000, 0x00000000c3d00000, 0x00000000c3e00000|  0%| F|  |TAMS 0x00000000c3d00000| PB 0x00000000c3d00000| Untracked |  0
|  36|0x00000000c3e00000, 0x00000000c3e00000, 0x00000000c3f00000|  0%| F|  |TAMS 0x00000000c3e00000| PB 0x00000000c3e00000| Untracked |  0
|  37|0x00000000c3f00000, 0x00000000c3f00000, 0x00000000c4000000|  0%| F|  |TAMS 0x00000000c3f00000| PB 0x00000000c3f00000| Untracked |  0
|  38|0x00000000c4000000, 0x00000000c4000000, 0x00000000c4100000|  0%| F|  |TAMS 0x00000000c4000000| PB 0x00000000c4000000| Untracked |  0
|  39|0x00000000c4100000, 0x00000000c4100000, 0x00000000c4200000|  0%| F|  |TAMS 0x00000000c4100000| PB 0x00000000c4100000| Untracked |  0
|  40|0x00000000c4200000, 0x00000000c4200000, 0x00000000c4300000|  0%| F|  |TAMS 0x00000000c4200000| PB 0x00000000c4200000| Untracked |  0
|  41|0x00000000c4300000, 0x00000000c4300000, 0x00000000c4400000|  0%| F|  |TAMS 0x00000000c4300000| PB 0x00000000c4300000| Untracked |  0
|  42|0x00000000c4400000, 0x00000000c4400000, 0x00000000c4500000|  0%| F|  |TAMS 0x00000000c4400000| PB 0x00000000c4400000| Untracked |  0
|  43|0x00000000c4500000, 0x00000000c4500000, 0x00000000c4600000|  0%| F|  |TAMS 0x00000000c4500000| PB 0x00000000c4500000| Untracked |  0
|  44|0x00000000c4600000, 0x00000000c4600000, 0x00000000c4700000|  0%| F|  |TAMS 0x00000000c4600000| PB 0x00000000c4600000| Untracked |  0
|  45|0x00000000c4700000, 0x00000000c4700000, 0x00000000c4800000|  0%| F|  |TAMS 0x00000000c4700000| PB 0x00000000c4700000| Untracked |  0
|  46|0x00000000c4800000, 0x00000000c4800000, 0x00000000c4900000|  0%| F|  |TAMS 0x00000000c4800000| PB 0x00000000c4800000| Untracked |  0
|  47|0x00000000c4900000, 0x00000000c4900000, 0x00000000c4a00000|  0%| F|  |TAMS 0x00000000c4900000| PB 0x00000000c4900000| Untracked |  0
|  48|0x00000000c4a00000, 0x00000000c4a00000, 0x00000000c4b00000|  0%| F|  |TAMS 0x00000000c4a00000| PB 0x00000000c4a00000| Untracked |  0
|  49|0x00000000c4b00000, 0x00000000c4b00000, 0x00000000c4c00000|  0%| F|  |TAMS 0x00000000c4b00000| PB 0x00000000c4b00000| Untracked |  0
|  50|0x00000000c4c00000, 0x00000000c4c00000, 0x00000000c4d00000|  0%| F|  |TAMS 0x00000000c4c00000| PB 0x00000000c4c00000| Untracked |  0
|  51|0x00000000c4d00000, 0x00000000c4d00000, 0x00000000c4e00000|  0%| F|  |TAMS 0x00000000c4d00000| PB 0x00000000c4d00000| Untracked |  0
|  52|0x00000000c4e00000, 0x00000000c4e00000, 0x00000000c4f00000|  0%| F|  |TAMS 0x00000000c4e00000| PB 0x00000000c4e00000| Untracked |  0
|  53|0x00000000c4f00000, 0x00000000c4f00000, 0x00000000c5000000|  0%| F|  |TAMS 0x00000000c4f00000| PB 0x00000000c4f00000| Untracked |  0
|  54|0x00000000c5000000, 0x00000000c5000000, 0x00000000c5100000|  0%| F|  |TAMS 0x00000000c5000000| PB 0x00000000c5000000| Untracked |  0
|  55|0x00000000c5100000, 0x00000000c5100000, 0x00000000c5200000|  0%| F|  |TAMS 0x00000000c5100000| PB 0x00000000c5100000| Untracked |  0
|  56|0x00000000c5200000, 0x00000000c5200000, 0x00000000c5300000|  0%| F|  |TAMS 0x00000000c5200000| PB 0x00000000c5200000| Untracked |  0
|  57|0x00000000c5300000, 0x00000000c5300000, 0x00000000c5400000|  0%| F|  |TAMS 0x00000000c5300000| PB 0x00000000c5300000| Untracked |  0
|  58|0x00000000c5400000, 0x00000000c548f648, 0x00000000c5500000| 56%| E|  |TAMS 0x00000000c5400000| PB 0x00000000c5400000| Complete |  0
|  59|0x00000000c5500000, 0x00000000c5600000, 0x00000000c5600000|100%| E|CS|TAMS 0x00000000c5500000| PB 0x00000000c5500000| Complete |  0
|  60|0x00000000c5600000, 0x00000000c5700000, 0x00000000c5700000|100%| E|CS|TAMS 0x00000000c5600000| PB 0x00000000c5600000| Complete |  0
|  61|0x00000000c5700000, 0x00000000c5800000, 0x00000000c5800000|100%| E|CS|TAMS 0x00000000c5700000| PB 0x00000000c5700000| Complete |  0
|  62|0x00000000c5800000, 0x00000000c5900000, 0x00000000c5900000|100%| E|CS|TAMS 0x00000000c5800000| PB 0x00000000c5800000| Complete |  0
|  63|0x00000000c5900000, 0x00000000c5a00000, 0x00000000c5a00000|100%| E|CS|TAMS 0x00000000c5900000| PB 0x00000000c5900000| Complete |  0

Card table byte_map: [0x000002164c890000,0x000002164ca90000] _byte_map_base: 0x000002164c283000

Marking Bits: (CMBitMap*) 0x00000216353743f0
 Bits: [0x000002164ca90000, 0x000002164da28000)

Polling page: 0x0000021633300000

Metaspace:

Usage:
  Non-class:      4.01 MB used.
      Class:    508.47 KB used.
       Both:      4.51 MB used.

Virtual space:
  Non-class space:       64.00 MB reserved,       4.06 MB (  6%) committed,  1 nodes.
      Class space:        1.00 GB reserved,     640.00 KB ( <1%) committed,  1 nodes.
             Both:        1.06 GB reserved,       4.69 MB ( <1%) committed. 

Chunk freelists:
   Non-Class:  11.89 MB
       Class:  15.25 MB
        Both:  27.14 MB

MaxMetaspaceSize: unlimited
CompressedClassSpaceSize: 1.00 GB
Initial GC threshold: 21.00 MB
Current GC threshold: 21.00 MB
CDS: on
 - commit_granule_bytes: 65536.
 - commit_granule_words: 8192.
 - virtual_space_node_default_size: 8388608.
 - enlarge_chunks_in_place: 1.
 - use_allocation_guard: 0.


Internal statistics:

num_allocs_failed_limit: 0.
num_arena_births: 114.
num_arena_deaths: 0.
num_vsnodes_births: 2.
num_vsnodes_deaths: 0.
num_space_committed: 75.
num_space_uncommitted: 0.
num_chunks_returned_to_freelist: 0.
num_chunks_taken_from_freelist: 137.
num_chunk_merges: 0.
num_chunk_splits: 84.
num_chunks_enlarged: 34.
num_inconsistent_stats: 0.

CodeHeap 'non-profiled nmethods': size=120000Kb used=166Kb max_used=166Kb free=119833Kb
 bounds [0x0000021645160000, 0x00000216453d0000, 0x000002164c690000]
CodeHeap 'profiled nmethods': size=120000Kb used=784Kb max_used=784Kb free=119215Kb
 bounds [0x000002163d690000, 0x000002163d900000, 0x0000021644bc0000]
CodeHeap 'non-nmethods': size=5760Kb used=1428Kb max_used=1428Kb free=4331Kb
 bounds [0x0000021644bc0000, 0x0000021644e30000, 0x0000021645160000]
 total_blobs=1094 nmethods=577 adapters=422
 compilation: enabled
              stopped_count=0, restarted_count=0
 full_count=0

Compilation events (20 events):
Event: 0.440 Thread 0x000002164fea2f10  568       3       jdk.internal.logger.LazyLoggers$LazyLoggerWrapper::platformProxy (10 bytes)
Event: 0.440 Thread 0x000002164fea2f10 nmethod 568 0x000002163d750310 code [0x000002163d7504c0, 0x000002163d750658]
Event: 0.442 Thread 0x000002164fea2f10  569       3       java.lang.Integer::numberOfLeadingZeros (79 bytes)
Event: 0.442 Thread 0x000002164fea2f10 nmethod 569 0x000002163d750790 code [0x000002163d750940, 0x000002163d750be8]
Event: 0.442 Thread 0x000002164fea2f10  570       3       java.lang.Integer::valueOf (32 bytes)
Event: 0.442 Thread 0x000002164fea2f10 nmethod 570 0x000002163d750c90 code [0x000002163d750e40, 0x000002163d751148]
Event: 0.443 Thread 0x000002164fea2f10  571       3       java.lang.Integer::<init> (10 bytes)
Event: 0.443 Thread 0x000002164fea2f10 nmethod 571 0x000002163d751290 code [0x000002163d751440, 0x000002163d751608]
Event: 0.443 Thread 0x000002164fea2f10  573       3       java.lang.Integer::hashCode (2 bytes)
Event: 0.443 Thread 0x000002164fea2f10 nmethod 573 0x000002163d751710 code [0x000002163d7518a0, 0x000002163d751990]
Event: 0.443 Thread 0x000002164fea2f10  572       3       java.lang.Integer::hashCode (8 bytes)
Event: 0.443 Thread 0x000002164fea2f10 nmethod 572 0x000002163d751a10 code [0x000002163d751ba0, 0x000002163d751d08]
Event: 0.443 Thread 0x000002164fea2f10  574       3       java.lang.CharacterData::of (136 bytes)
Event: 0.443 Thread 0x000002164fea2f10 nmethod 574 0x000002163d751d90 code [0x000002163d751fe0, 0x000002163d752920]
Event: 0.443 Thread 0x000002164fea2f10  575       1       java.lang.Integer::intValue (5 bytes)
Event: 0.443 Thread 0x000002164fea2f10 nmethod 575 0x0000021645189790 code [0x0000021645189920, 0x00000216451899e8]
Event: 0.451 Thread 0x000002164fea2f10  576       3       java.util.ImmutableCollections$Set12::<init> (53 bytes)
Event: 0.452 Thread 0x000002164fea2f10 nmethod 576 0x000002163d752b90 code [0x000002163d752e40, 0x000002163d753a80]
Event: 0.452 Thread 0x000002164fea2f10  577       3       java.lang.invoke.MethodHandle::isBuiltinLoader (24 bytes)
Event: 0.453 Thread 0x000002164fea2f10 nmethod 577 0x000002163d753e90 code [0x000002163d754040, 0x000002163d7542a8]

GC Heap History (0 events):
No events

Dll operation events (7 events):
Event: 0.015 Loaded shared library C:\Program Files\Java\jdk-22\bin\java.dll
Event: 0.061 Loaded shared library C:\Program Files\Java\jdk-22\bin\jsvml.dll
Event: 0.129 Loaded shared library C:\Program Files\Java\jdk-22\bin\net.dll
Event: 0.133 Loaded shared library C:\Program Files\Java\jdk-22\bin\nio.dll
Event: 0.190 Loaded shared library C:\Program Files\Java\jdk-22\bin\zip.dll
Event: 0.211 Loaded shared library C:\Program Files\Java\jdk-22\bin\jimage.dll
Event: 0.233 Loaded shared library C:\Program Files\Java\jdk-22\bin\awt.dll

Deoptimization events (4 events):
Event: 0.368 Thread 0x0000021633198bc0 Uncommon trap: trap_request=0xffffff45 fr.pc=0x0000021645170d0c relative=0x0000000000000b4c
Event: 0.368 Thread 0x0000021633198bc0 Uncommon trap: reason=unstable_if action=reinterpret pc=0x0000021645170d0c method=java.util.HashMap.putVal(ILjava/lang/Object;Ljava/lang/Object;ZZ)Ljava/lang/Object; @ 81 c2
Event: 0.368 Thread 0x0000021633198bc0 DEOPT PACKING pc=0x0000021645170d0c sp=0x000000579e5fe620
Event: 0.368 Thread 0x0000021633198bc0 DEOPT UNPACKING pc=0x0000021644c146a2 sp=0x000000579e5fe5d0 mode 2

Classes loaded (20 events):
Event: 0.453 Loading class sun/java2d/loops/XORComposite
Event: 0.453 Loading class java/awt/Composite
Event: 0.453 Loading class java/awt/Composite done
Event: 0.453 Loading class sun/java2d/loops/XORComposite done
Event: 0.453 Loading class sun/java2d/windows/GDIBlitLoops
Event: 0.453 Loading class sun/java2d/loops/Blit
Event: 0.453 Loading class sun/java2d/loops/GraphicsPrimitive
Event: 0.454 Loading class sun/java2d/loops/GraphicsPrimitive done
Event: 0.454 Loading class sun/java2d/loops/Blit done
Event: 0.454 Loading class sun/java2d/windows/GDIBlitLoops done
Event: 0.454 Loading class sun/java2d/loops/GraphicsPrimitiveMgr$GeneralPrimitives
Event: 0.454 Loading class sun/java2d/loops/GraphicsPrimitiveMgr$GeneralPrimitives done
Event: 0.454 Loading class sun/java2d/loops/CompositeType
Event: 0.454 Loading class sun/java2d/loops/CompositeType done
Event: 0.454 Loading class sun/java2d/loops/GraphicsPrimitiveMgr
Event: 0.454 Loading class sun/java2d/loops/GraphicsPrimitiveMgr done
Event: 0.454 Loading class sun/java2d/SunGraphics2D
Event: 0.455 Loading class sun/awt/ConstrainableGraphics
Event: 0.455 Loading class sun/awt/ConstrainableGraphics done
Event: 0.455 Loading class java/awt/Graphics2D

Classes unloaded (0 events):
No events

Classes redefined (0 events):
No events

Internal exceptions (13 events):
Event: 0.135 Thread 0x0000021633198bc0 Exception <a 'sun/nio/fs/WindowsException'{0x00000000c58bc518}> (0x00000000c58bc518) 
thrown [s\open\src\hotspot\share\prims\jni.cpp, line 520]
Event: 0.139 Thread 0x0000021633198bc0 Exception <a 'sun/nio/fs/WindowsException'{0x00000000c58bebf8}> (0x00000000c58bebf8) 
thrown [s\open\src\hotspot\share\prims\jni.cpp, line 520]
Event: 0.140 Thread 0x0000021633198bc0 Exception <a 'sun/nio/fs/WindowsException'{0x00000000c58c0188}> (0x00000000c58c0188) 
thrown [s\open\src\hotspot\share\prims\jni.cpp, line 520]
Event: 0.141 Thread 0x0000021633198bc0 Exception <a 'sun/nio/fs/WindowsException'{0x00000000c58c0cc8}> (0x00000000c58c0cc8) 
thrown [s\open\src\hotspot\share\prims\jni.cpp, line 520]
Event: 0.219 Thread 0x0000021633198bc0 Exception <a 'java/lang/ClassNotFoundException'{0x00000000c57866a0}: sun/awt/resources/spi/awtProvider> (0x00000000c57866a0) 
thrown [s\open\src\hotspot\share\classfile\systemDictionary.cpp, line 313]
Event: 0.251 Thread 0x0000021633198bc0 Exception <a 'java/io/FileNotFoundException'{0x00000000c57da9b0}> (0x00000000c57da9b0) 
thrown [s\open\src\hotspot\share\prims\jni.cpp, line 520]
Event: 0.262 Thread 0x0000021633198bc0 Exception <a 'java/io/FileNotFoundException'{0x00000000c5608e68}> (0x00000000c5608e68) 
thrown [s\open\src\hotspot\share\prims\jni.cpp, line 520]
Event: 0.370 Thread 0x0000021633198bc0 Exception <a 'java/lang/NoSuchMethodError'{0x00000000c5512618}: 'void java.lang.invoke.DirectMethodHandle$Holder.invokeSpecial(java.lang.Object, java.lang.Object, java.lang.Object)'> (0x00000000c5512618) 
thrown [s\open\src\hotspot\share\interpreter\linkResolver.cpp, line 774]
Event: 0.381 Thread 0x0000021633198bc0 Exception <a 'java/lang/NoSuchMethodError'{0x00000000c5538960}: 'java.lang.Object java.lang.invoke.DirectMethodHandle$Holder.newInvokeSpecial(java.lang.Object, java.lang.Object, java.lang.Object, java.lang.Object, java.lang.Object)'> (0x00000000c5538960) 
thrown [s\open\src\hotspot\share\interpreter\linkResolver.cpp, line 774]
Event: 0.391 Thread 0x0000021633198bc0 Exception <a 'java/lang/NoSuchMethodError'{0x00000000c55654d0}: 'java.lang.Object java.lang.invoke.DirectMethodHandle$Holder.invokeStatic(java.lang.Object, int, java.lang.Object)'> (0x00000000c55654d0) 
thrown [s\open\src\hotspot\share\interpreter\linkResolver.cpp, line 774]
Event: 0.420 Thread 0x0000021633198bc0 Exception <a 'java/lang/ClassNotFoundException'{0x00000000c5407450}: com/sun/swing/internal/plaf/metal/resources/spi/metalProvider> (0x00000000c5407450) 
thrown [s\open\src\hotspot\share\classfile\systemDictionary.cpp, line 313]
Event: 0.422 Thread 0x0000021633198bc0 Exception <a 'java/lang/ClassNotFoundException'{0x00000000c540b400}: com/sun/swing/internal/plaf/basic/resources/spi/basicProvider> (0x00000000c540b400) 
thrown [s\open\src\hotspot\share\classfile\systemDictionary.cpp, line 313]
Event: 0.438 Thread 0x0000021633198bc0 Exception <a 'java/lang/NoSuchMethodError'{0x00000000c542aaf0}: 'int java.lang.invoke.Invokers$Holder.invokeExact_MT(java.lang.Object, java.lang.Object)'> (0x00000000c542aaf0) 
thrown [s\open\src\hotspot\share\interpreter\linkResolver.cpp, line 774]

ZGC Phase Switch (0 events):
No events

VM Operations (2 events):
Event: 0.143 Executing VM operation: HandshakeAllThreads (Deoptimize)
Event: 0.143 Executing VM operation: HandshakeAllThreads (Deoptimize) done

Events (15 events):
Event: 0.033 Thread 0x0000021633198bc0 Thread added: 0x0000021633198bc0
Event: 0.058 Thread 0x000002163540e7f0 Thread added: 0x000002163540e7f0
Event: 0.058 Thread 0x000002164fe8b9d0 Thread added: 0x000002164fe8b9d0
Event: 0.059 Thread 0x000002164fe93010 Thread added: 0x000002164fe93010
Event: 0.059 Thread 0x000002164fe93680 Thread added: 0x000002164fe93680
Event: 0.059 Thread 0x000002164fe99d10 Thread added: 0x000002164fe99d10
Event: 0.059 Thread 0x000002164fe9d880 Thread added: 0x000002164fe9d880
Event: 0.059 Thread 0x000002164fe9e830 Thread added: 0x000002164fe9e830
Event: 0.060 Thread 0x000002164fea2f10 Thread added: 0x000002164fea2f10
Event: 0.107 Thread 0x000002169515c050 Thread added: 0x000002169515c050
Event: 0.171 Thread 0x0000021695205f80 Thread added: 0x0000021695205f80
Event: 0.327 Thread 0x00000216953b19e0 Thread added: 0x00000216953b19e0
Event: 0.329 Thread 0x00000216953b4f20 Thread added: 0x00000216953b4f20
Event: 0.331 Thread 0x00000216953ba060 Thread added: 0x00000216953ba060
Event: 0.449 Thread 0x0000021695419c80 Thread added: 0x0000021695419c80


Dynamic libraries:
0x00007ff607500000 - 0x00007ff607510000 	C:\Program Files\Java\jdk-22\bin\java.exe
0x00007ffb7b570000 - 0x00007ffb7b768000 	C:\WINDOWS\SYSTEM32\ntdll.dll
0x00007ffb7b460000 - 0x00007ffb7b522000 	C:\WINDOWS\System32\KERNEL32.DLL
0x00007ffb79210000 - 0x00007ffb7950e000 	C:\WINDOWS\System32\KERNELBASE.dll
0x00007ffb79060000 - 0x00007ffb79160000 	C:\WINDOWS\System32\ucrtbase.dll
0x00007ffb2ab20000 - 0x00007ffb2ab3b000 	C:\Program Files\Java\jdk-22\bin\VCRUNTIME140.dll
0x00007ffb549d0000 - 0x00007ffb549e7000 	C:\Program Files\Java\jdk-22\bin\jli.dll
0x00007ffb79870000 - 0x00007ffb79921000 	C:\WINDOWS\System32\ADVAPI32.dll
0x00007ffb7b1c0000 - 0x00007ffb7b25e000 	C:\WINDOWS\System32\msvcrt.dll
0x00007ffb79c90000 - 0x00007ffb79d2f000 	C:\WINDOWS\System32\sechost.dll
0x00007ffb7a620000 - 0x00007ffb7a743000 	C:\WINDOWS\System32\RPCRT4.dll
0x00007ffb79030000 - 0x00007ffb79057000 	C:\WINDOWS\System32\bcrypt.dll
0x00007ffb7b2c0000 - 0x00007ffb7b45d000 	C:\WINDOWS\System32\USER32.dll
0x00007ffb79560000 - 0x00007ffb79582000 	C:\WINDOWS\System32\win32u.dll
0x00007ffb7abc0000 - 0x00007ffb7abeb000 	C:\WINDOWS\System32\GDI32.dll
0x00007ffb78c10000 - 0x00007ffb78d27000 	C:\WINDOWS\System32\gdi32full.dll
0x00007ffb78da0000 - 0x00007ffb78e3d000 	C:\WINDOWS\System32\msvcp_win.dll
0x00007ffb684f0000 - 0x00007ffb6878a000 	C:\WINDOWS\WinSxS\amd64_microsoft.windows.common-controls_6595b64144ccf1df_6.0.19041.4355_none_60b8b9eb71f62e16\COMCTL32.dll
0x00007ffb684e0000 - 0x00007ffb684ea000 	C:\WINDOWS\SYSTEM32\VERSION.dll
0x00007ffb7b190000 - 0x00007ffb7b1bf000 	C:\WINDOWS\System32\IMM32.DLL
0x00007ffb2bc00000 - 0x00007ffb2bc0c000 	C:\Program Files\Java\jdk-22\bin\vcruntime140_1.dll
0x00007ffb2a8d0000 - 0x00007ffb2a95e000 	C:\Program Files\Java\jdk-22\bin\msvcp140.dll
0x00007ffb27970000 - 0x00007ffb286b7000 	C:\Program Files\Java\jdk-22\bin\server\jvm.dll
0x00007ffb7b090000 - 0x00007ffb7b0fb000 	C:\WINDOWS\System32\WS2_32.dll
0x00007ffb67250000 - 0x00007ffb67277000 	C:\WINDOWS\SYSTEM32\WINMM.dll
0x00007ffb78a70000 - 0x00007ffb78abb000 	C:\WINDOWS\SYSTEM32\POWRPROF.dll
0x00007ffb78a50000 - 0x00007ffb78a62000 	C:\WINDOWS\SYSTEM32\UMPDC.dll
0x00007ffb769b0000 - 0x00007ffb769c2000 	C:\WINDOWS\SYSTEM32\kernel.appcore.dll
0x00007ffb2aab0000 - 0x00007ffb2aaba000 	C:\Program Files\Java\jdk-22\bin\jimage.dll
0x00007ffb67750000 - 0x00007ffb67934000 	C:\WINDOWS\SYSTEM32\DBGHELP.DLL
0x00007ffb66fd0000 - 0x00007ffb67004000 	C:\WINDOWS\SYSTEM32\dbgcore.DLL
0x00007ffb78fa0000 - 0x00007ffb79022000 	C:\WINDOWS\System32\bcryptPrimitives.dll
0x00007ffb2aac0000 - 0x00007ffb2aade000 	C:\Program Files\Java\jdk-22\bin\java.dll
0x00007ffb79e10000 - 0x00007ffb7a57d000 	C:\WINDOWS\System32\SHELL32.dll
0x00007ffb7af50000 - 0x00007ffb7b07b000 	C:\WINDOWS\System32\ole32.dll
0x00007ffb7abf0000 - 0x00007ffb7af43000 	C:\WINDOWS\System32\combase.dll
0x00007ffb76c90000 - 0x00007ffb77434000 	C:\WINDOWS\SYSTEM32\windows.storage.dll
0x00007ffb78570000 - 0x00007ffb7859e000 	C:\WINDOWS\SYSTEM32\Wldp.dll
0x00007ffb797a0000 - 0x00007ffb7986d000 	C:\WINDOWS\System32\OLEAUT32.dll
0x00007ffb79990000 - 0x00007ffb79a3d000 	C:\WINDOWS\System32\SHCORE.dll
0x00007ffb79930000 - 0x00007ffb79985000 	C:\WINDOWS\System32\shlwapi.dll
0x00007ffb78b40000 - 0x00007ffb78b64000 	C:\WINDOWS\SYSTEM32\profapi.dll
0x00007ffb2a9d0000 - 0x00007ffb2aaa7000 	C:\Program Files\Java\jdk-22\bin\jsvml.dll
0x00007ffb2a9c0000 - 0x00007ffb2a9d0000 	C:\Program Files\Java\jdk-22\bin\net.dll
0x00007ffb782d0000 - 0x00007ffb7833a000 	C:\WINDOWS\system32\mswsock.dll
0x00007ffb2a9a0000 - 0x00007ffb2a9b6000 	C:\Program Files\Java\jdk-22\bin\nio.dll
0x00007ffb2a980000 - 0x00007ffb2a997000 	C:\Program Files\Java\jdk-22\bin\zip.dll
0x00007ffb47910000 - 0x00007ffb47a9e000 	C:\Program Files\Java\jdk-22\bin\awt.dll
0x00007ffb75d00000 - 0x00007ffb75d94000 	C:\WINDOWS\SYSTEM32\apphelp.dll
0x00007ffb76980000 - 0x00007ffb769af000 	C:\WINDOWS\system32\DWMAPI.DLL
0x00007ffb765a0000 - 0x00007ffb7663e000 	C:\WINDOWS\system32\uxtheme.dll
0x00007ffb5e900000 - 0x00007ffb5ea28000 	C:\WINDOWS\system32\opengl32.dll
0x00007ffb67360000 - 0x00007ffb6738c000 	C:\WINDOWS\SYSTEM32\GLU32.dll
0x00007ffb79a40000 - 0x00007ffb79b55000 	C:\WINDOWS\System32\MSCTF.dll

dbghelp: loaded successfully - version: 4.0.5 - missing functions: none
symbol engine: initialized successfully - sym options: 0x614 - pdb path: .;C:\Program Files\Java\jdk-22\bin;C:\WINDOWS\SYSTEM32;C:\WINDOWS\WinSxS\amd64_microsoft.windows.common-controls_6595b64144ccf1df_6.0.19041.4355_none_60b8b9eb71f62e16;C:\Program Files\Java\jdk-22\bin\server

VM Arguments:
jvm_args: -Dfile.encoding=UTF-8 --module-path=C:\Users\user\OneDrive\Desktop\NetBeansProjects\HotelManagementSystem\build\classes 
java_command: hotelmanagementsystem.Login
java_class_path (initial): C:\Users\user\Downloads\mysql-connector-java-8.0.28 (1).jar;C:\Users\user\OneDrive\Desktop\NetBeansProjects\HotelManagementSystem\build\classes
Launcher Type: SUN_STANDARD

[Global flags]
     intx CICompilerCount                          = 3                                         {product} {ergonomic}
     uint ConcGCThreads                            = 1                                         {product} {ergonomic}
     uint G1ConcRefinementThreads                  = 4                                         {product} {ergonomic}
   size_t G1HeapRegionSize                         = 1048576                                   {product} {ergonomic}
   size_t InitialHeapSize                          = 67108864                                  {product} {ergonomic}
   size_t MarkStackSize                            = 4194304                                   {product} {ergonomic}
   size_t MaxHeapSize                              = 1046478848                                {product} {ergonomic}
   size_t MaxNewSize                               = 627048448                                 {product} {ergonomic}
   size_t MinHeapDeltaBytes                        = 1048576                                   {product} {ergonomic}
   size_t MinHeapSize                              = 8388608                                   {product} {ergonomic}
    uintx NonNMethodCodeHeapSize                   = 5832780                                {pd product} {ergonomic}
    uintx NonProfiledCodeHeapSize                  = 122912730                              {pd product} {ergonomic}
    uintx ProfiledCodeHeapSize                     = 122912730                              {pd product} {ergonomic}
    uintx ReservedCodeCacheSize                    = 251658240                              {pd product} {ergonomic}
     bool SegmentedCodeCache                       = true                                      {product} {ergonomic}
   size_t SoftMaxHeapSize                          = 1046478848                             {manageable} {ergonomic}
     bool UseCompressedOops                        = true                           {product lp64_product} {ergonomic}
     bool UseG1GC                                  = true                                      {product} {ergonomic}
     bool UseLargePagesIndividualAllocation        = false                                  {pd product} {ergonomic}

Logging:
Log output configuration:
 #0: stdout all=warning uptime,level,tags foldmultilines=false
 #1: stderr all=off uptime,level,tags foldmultilines=false

Environment Variables:
PATH=C:\Program Files\Common Files\Oracle\Java\javapath;C:\WINDOWS\system32;C:\WINDOWS;C:\WINDOWS\System32\Wbem;C:\WINDOWS\System32\WindowsPowerShell\v1.0\;C:\WINDOWS\System32\OpenSSH\;C:\Program Files\nodejs\;C:\Program Files\Git\cmd;C:\Program Files\Java\jdk-22\bin;C:\Program Files\MySQL\MySQL Shell 8.0\bin\;C:\Users\user\AppData\Local\Microsoft\WindowsApps;C:\Users\user\AppData\Local\Programs\Microsoft VS Code\bin;C:\Users\user\AppData\Local\GitHubDesktop\bin;C:\Users\user\AppData\Roaming\npm
USERNAME=user
OS=Windows_NT
PROCESSOR_IDENTIFIER=Intel64 Family 6 Model 58 Stepping 9, GenuineIntel
TMP=C:\Users\user\AppData\Local\Temp
TEMP=C:\Users\user\AppData\Local\Temp




Periodic native trim disabled

---------------  S Y S T E M  ---------------

OS:
 Windows 10 , 64 bit Build 19041 (10.0.19041.5072)
OS uptime: 14 days 9:19 hours

CPU: total 4 (initial active 4) (2 cores per cpu, 2 threads per core) family 6 model 58 stepping 9 microcode 0x21, cx8, cmov, fxsr, ht, mmx, sse, sse2, sse3, ssse3, sse4.1, sse4.2, popcnt, tsc, tscinvbit, avx, aes, erms, clmul, vzeroupper, clflush, rdtscp, f16c
Processor Information for all 4 processors :
  Max Mhz: 2501, Current Mhz: 2500, Mhz Limit: 2475

Memory: 4k page, system-wide physical 3987M (361M free)
TotalPageFile size 16275M (AvailPageFile size 2M)
current process WorkingSet (physical memory assigned to process): 49M, peak: 49M
current process commit charge ("private bytes"): 142M, peak: 142M

vm_info: Java HotSpot(TM) 64-Bit Server VM (22.0.1+8-16) for windows-amd64 JRE (22.0.1+8-16), built on 2024-03-12T10:33:16Z by "mach5one" with MS VC++ 17.6 (VS2022)

END.
